[backblue.gif]
[fade.gif]
[index.html]
[demo.interface.club/limitless/layout_1/LTR/material/assets/images/logo_light.png]
[demo.interface.club/limitless/layout_1/LTR/material/assets/images/demo/users/face10.jpg]
[demo.interface.club/limitless/layout_1/LTR/material/assets/images/demo/users/face3.jpg]
[demo.interface.club/limitless/layout_1/LTR/material/assets/images/demo/users/face24.jpg]
[demo.interface.club/limitless/layout_1/LTR/material/assets/images/demo/users/face4.jpg]
[demo.interface.club/limitless/layout_1/LTR/material/assets/images/demo/users/face25.jpg]
[demo.interface.club/limitless/layout_1/LTR/material/assets/images/demo/users/face11.jpg]
[demo.interface.club/limitless/layout_1/LTR/material/assets/images/brands/facebook.png]
[demo.interface.club/limitless/layout_1/LTR/material/assets/images/brands/youtube.png]
[demo.interface.club/limitless/layout_1/LTR/material/assets/images/brands/spotify.png]
[demo.interface.club/limitless/layout_1/LTR/material/assets/images/brands/twitter.png]
[demo.interface.club/limitless/layout_1/LTR/material/assets/images/brands/amazon.png]
[demo.interface.club/limitless/layout_1/LTR/material/assets/images/brands/bing.png]
[demo.interface.club/limitless/layout_1/LTR/material/assets/images/demo/users/face15.jpg]
[demo.interface.club/limitless/layout_1/LTR/material/assets/images/brands/dribbble.png]
[demo.interface.club/limitless/layout_1/LTR/material/assets/images/demo/users/face8.jpg]
[demo.interface.club/limitless/layout_1/LTR/material/assets/images/demo/flat/1.png]
[demo.interface.club/limitless/layout_1/LTR/material/assets/images/demo/flat/21.png]
[demo.interface.club/limitless/layout_1/LTR/material/assets/images/demo/flat/12.png]
[demo.interface.club/limitless/layout_1/LTR/material/assets/images/demo/flat/15.png]
[demo.interface.club/limitless/layout_1/LTR/material/assets/images/demo/users/face2.jpg]
[demo.interface.club/limitless/layout_1/LTR/material/assets/images/demo/users/face7.jpg]
[demo.interface.club/limitless/layout_1/LTR/material/assets/images/demo/users/face18.jpg]
[demo.interface.club/limitless/layout_1/LTR/material/assets/images/demo/users/face14.jpg]
[demo.interface.club/limitless/layout_1/LTR/material/assets/images/demo/users/face12.jpg]
[demo.interface.club/limitless/layout_1/LTR/material/assets/images/demo/users/face22.jpg]
[demo.interface.club/limitless/layout_1/LTR/material/assets/images/demo/users/face17.jpg]
[demo.interface.club/limitless/layout_1/LTR/material/index.html]
[demo.interface.club/limitless/layout_1/LTR/material/assets/css/icons/icomoon/fonts/icomoone627.eot]
[demo.interface.club/limitless/layout_1/LTR/material/assets/css/icons/icomoon/fonts/icomoond41d.eot]
[demo.interface.club/limitless/layout_1/LTR/material/assets/css/icons/icomoon/fonts/icomoone627.woff]
[demo.interface.club/limitless/layout_1/LTR/material/assets/css/icons/icomoon/fonts/icomoone627.ttf]
[demo.interface.club/limitless/layout_1/LTR/material/assets/css/icons/icomoon/styles.css]
[demo.interface.club/limitless/layout_1/LTR/material/assets/css/icons/glyphicons/glyphicons-halflings-regular.eot]
[demo.interface.club/limitless/layout_1/LTR/material/assets/css/icons/glyphicons/glyphicons-halflings-regular.woff2]
[demo.interface.club/limitless/layout_1/LTR/material/assets/css/icons/glyphicons/glyphicons-halflings-regular.woff]
[demo.interface.club/limitless/layout_1/LTR/material/assets/css/icons/glyphicons/glyphicons-halflings-regular.ttf]
[demo.interface.club/limitless/layout_1/LTR/material/assets/css/icons/glyphicons/glyphicons-halflings-regulard41d.eot]
[demo.interface.club/limitless/layout_1/LTR/material/assets/css/bootstrap.css]
[demo.interface.club/limitless/layout_1/LTR/material/assets/images/login_cover.jpg]
[demo.interface.club/limitless/layout_1/LTR/material/assets/images/backgrounds/seamless.png]
[demo.interface.club/limitless/layout_1/LTR/material/assets/css/core.css]
[demo.interface.club/limitless/layout_1/LTR/material/assets/images/backgrounds/user_bg4.jpg]
[demo.interface.club/limitless/layout_1/LTR/material/assets/images/backgrounds/boxed_bg.png]
[demo.interface.club/limitless/layout_1/LTR/material/assets/images/backgrounds/boxed_bg_retina.png]
[demo.interface.club/limitless/layout_1/LTR/material/assets/css/icons/summernote/summernotef534.eot]
[demo.interface.club/limitless/layout_1/LTR/material/assets/css/icons/summernote/summernoted41d.eot]
[demo.interface.club/limitless/layout_1/LTR/material/assets/css/icons/summernote/summernotef534.woff]
[demo.interface.club/limitless/layout_1/LTR/material/assets/css/icons/summernote/summernotef534.ttf]
[demo.interface.club/limitless/layout_1/LTR/material/assets/css/components.css]
[demo.interface.club/limitless/layout_1/LTR/material/assets/css/colors.css]
[demo.interface.club/limitless/layout_1/LTR/material/assets/js/plugins/loaders/pace.min.js]
[demo.interface.club/limitless/layout_1/LTR/material/assets/js/core/libraries/jquery.min.js]
[demo.interface.club/limitless/layout_1/LTR/material/assets/js/core/libraries/bootstrap.min.js]
[demo.interface.club/limitless/layout_1/LTR/material/assets/js/plugins/loaders/blockui.min.js]
[demo.interface.club/limitless/layout_1/LTR/material/assets/js/plugins/visualization/d3/d3.min.js]
[demo.interface.club/limitless/layout_1/LTR/material/assets/js/plugins/visualization/d3/d3_tooltip.js]
[demo.interface.club/limitless/layout_1/LTR/material/assets/js/plugins/forms/styling/switchery.min.js]
[demo.interface.club/limitless/layout_1/LTR/material/assets/js/plugins/forms/styling/uniform.min.js]
[demo.interface.club/limitless/layout_1/LTR/material/assets/js/plugins/forms/selects/bootstrap_multiselect.js]
[demo.interface.club/limitless/layout_1/LTR/material/assets/js/plugins/ui/moment/moment.min.js]
[demo.interface.club/limitless/layout_1/LTR/material/assets/js/plugins/pickers/daterangepicker.js]
[demo.interface.club/limitless/layout_1/LTR/material/assets/js/core/app.js]
[demo.interface.club/limitless/layout_1/LTR/material/assets/js/pages/dashboard.js]
[demo.interface.club/limitless/layout_1/LTR/material/assets/js/plugins/ui/ripple.min.js]
[demo.interface.club/limitless/layout_1/LTR/material/layout_navbar_fixed.html]
[demo.interface.club/limitless/layout_1/LTR/material/layout_navbar_sidebar_fixed.html]
[demo.interface.club/limitless/layout_1/LTR/material/layout_sidebar_fixed_native.html]
[demo.interface.club/limitless/layout_1/LTR/material/layout_navbar_hideable.html]
[demo.interface.club/limitless/layout_1/LTR/material/layout_navbar_hideable_sidebar.html]
[demo.interface.club/limitless/layout_1/LTR/material/layout_footer_fixed.html]
[demo.interface.club/limitless/layout_1/LTR/material/boxed_default.html]
[demo.interface.club/limitless/layout_1/LTR/material/boxed_mini.html]
[demo.interface.club/limitless/layout_1/LTR/material/assets/images/demo/users/face19.jpg]
[demo.interface.club/limitless/layout_1/LTR/material/assets/images/demo/users/face16.jpg]
[demo.interface.club/limitless/layout_1/LTR/material/boxed_full.html]
[demo.interface.club/limitless/layout_1/LTR/material/colors_primary.html]
[demo.interface.club/limitless/layout_1/LTR/material/colors_danger.html]
[demo.interface.club/limitless/layout_1/LTR/material/colors_success.html]
[demo.interface.club/limitless/layout_1/LTR/material/colors_warning.html]
[demo.interface.club/limitless/layout_1/LTR/material/colors_info.html]
[demo.interface.club/limitless/layout_1/LTR/material/colors_pink.html]
[demo.interface.club/limitless/layout_1/LTR/material/colors_violet.html]
[demo.interface.club/limitless/layout_1/LTR/material/colors_purple.html]
[demo.interface.club/limitless/layout_1/LTR/material/colors_indigo.html]
[demo.interface.club/limitless/layout_1/LTR/material/colors_blue.html]
[demo.interface.club/limitless/layout_1/LTR/material/colors_teal.html]
[demo.interface.club/limitless/layout_1/LTR/material/colors_green.html]
[demo.interface.club/limitless/layout_1/LTR/material/colors_orange.html]
[demo.interface.club/limitless/layout_1/LTR/material/colors_brown.html]
[demo.interface.club/limitless/layout_1/LTR/material/colors_grey.html]
[demo.interface.club/limitless/layout_1/LTR/material/colors_slate.html]
[demo.interface.club/limitless/layout_1/LTR/material/starters/assets/images/logo_light.png]
[demo.interface.club/limitless/layout_1/LTR/material/starters/horizontal_nav.html]
[demo.interface.club/limitless/layout_1/LTR/material/starters/1_col.html]
[demo.interface.club/limitless/layout_1/LTR/material/starters/2_col.html]
[demo.interface.club/limitless/layout_1/LTR/material/starters/3_col_dual.html]
[demo.interface.club/limitless/layout_1/LTR/material/starters/3_col_double.html]
[demo.interface.club/limitless/layout_1/LTR/material/starters/4_col.html]
[demo.interface.club/limitless/layout_1/LTR/material/starters/detached_left.html]
[demo.interface.club/limitless/layout_1/LTR/material/starters/detached_right.html]
[demo.interface.club/limitless/layout_1/LTR/material/starters/assets/images/image.png]
[demo.interface.club/limitless/layout_1/LTR/material/starters/detached_sticky.html]
[demo.interface.club/limitless/layout_1/LTR/material/starters/layout_boxed.html]
[demo.interface.club/limitless/layout_1/LTR/material/starters/layout_navbar_fixed_main.html]
[demo.interface.club/limitless/layout_1/LTR/material/starters/layout_navbar_fixed_secondary.html]
[demo.interface.club/limitless/layout_1/LTR/material/starters/layout_navbar_fixed_both.html]
[demo.interface.club/limitless/layout_1/LTR/material/starters/layout_fixed.html]
[demo.interface.club/limitless/layout_1/LTR/material/changelog.html]
[demo.interface.club/limitless/layout_1/LTR/material/form_inputs_basic.html]
[demo.interface.club/limitless/layout_1/LTR/material/form_checkboxes_radios.html]
[demo.interface.club/limitless/layout_1/LTR/material/form_input_groups.html]
[demo.interface.club/limitless/layout_1/LTR/material/form_controls_extended.html]
[demo.interface.club/limitless/layout_1/LTR/material/form_floating_labels.html]
[demo.interface.club/limitless/layout_1/LTR/material/form_select2.html]
[demo.interface.club/limitless/layout_1/LTR/material/form_multiselect.html]
[demo.interface.club/limitless/layout_1/LTR/material/form_select_box_it.html]
[demo.interface.club/limitless/layout_1/LTR/material/form_bootstrap_select.html]
[demo.interface.club/limitless/layout_1/LTR/material/form_tag_inputs.html]
[demo.interface.club/limitless/layout_1/LTR/material/form_dual_listboxes.html]
[demo.interface.club/limitless/layout_1/LTR/material/form_editable.html]
[demo.interface.club/limitless/layout_1/LTR/material/form_validation.html]
[demo.interface.club/limitless/layout_1/LTR/material/form_inputs_grid.html]
[demo.interface.club/limitless/layout_1/LTR/material/alpaca_basic.html]
[demo.interface.club/limitless/layout_1/LTR/material/alpaca_advanced.html]
[demo.interface.club/limitless/layout_1/LTR/material/alpaca_controls.html]
[demo.interface.club/limitless/layout_1/LTR/material/wizard_steps.html]
[demo.interface.club/limitless/layout_1/LTR/material/wizard_form.html]
[demo.interface.club/limitless/layout_1/LTR/material/wizard_stepy.html]
[demo.interface.club/limitless/layout_1/LTR/material/editor_summernote.html]
[demo.interface.club/limitless/layout_1/LTR/material/editor_ckeditor.html]
[demo.interface.club/limitless/layout_1/LTR/material/editor_wysihtml5.html]
[demo.interface.club/limitless/layout_1/LTR/material/editor_code.html]
[demo.interface.club/limitless/layout_1/LTR/material/picker_date.html]
[demo.interface.club/limitless/layout_1/LTR/material/picker_color.html]
[demo.interface.club/limitless/layout_1/LTR/material/picker_location.html]
[demo.interface.club/limitless/layout_1/LTR/material/form_layout_vertical.html]
[demo.interface.club/limitless/layout_1/LTR/material/form_layout_horizontal.html]
[demo.interface.club/limitless/layout_1/LTR/material/components_modals.html]
[demo.interface.club/limitless/layout_1/LTR/material/components_dropdowns.html]
[demo.interface.club/limitless/layout_1/LTR/material/components_tabs.html]
[demo.interface.club/limitless/layout_1/LTR/material/components_pills.html]
[demo.interface.club/limitless/layout_1/LTR/material/components_navs.html]
[demo.interface.club/limitless/layout_1/LTR/material/components_buttons.html]
[demo.interface.club/limitless/layout_1/LTR/material/components_notifications_pnotify.html]
[demo.interface.club/limitless/layout_1/LTR/material/components_notifications_others.html]
[demo.interface.club/limitless/layout_1/LTR/material/components_popups.html]
[demo.interface.club/limitless/layout_1/LTR/material/components_alerts.html]
[demo.interface.club/limitless/layout_1/LTR/material/components_pagination.html]
[demo.interface.club/limitless/layout_1/LTR/material/components_labels.html]
[demo.interface.club/limitless/layout_1/LTR/material/components_loaders.html]
[demo.interface.club/limitless/layout_1/LTR/material/assets/images/demo/flat/3.png]
[demo.interface.club/limitless/layout_1/LTR/material/assets/images/demo/flat/2.png]
[demo.interface.club/limitless/layout_1/LTR/material/assets/images/demo/flat/4.png]
[demo.interface.club/limitless/layout_1/LTR/material/assets/images/demo/flat/5.png]
[demo.interface.club/limitless/layout_1/LTR/material/assets/images/demo/flat/6.png]
[demo.interface.club/limitless/layout_1/LTR/material/assets/images/demo/flat/7.png]
[demo.interface.club/limitless/layout_1/LTR/material/assets/images/demo/flat/8.png]
[demo.interface.club/limitless/layout_1/LTR/material/assets/images/demo/flat/9.png]
[demo.interface.club/limitless/layout_1/LTR/material/assets/images/demo/flat/10.png]
[demo.interface.club/limitless/layout_1/LTR/material/assets/images/demo/flat/11.png]
[demo.interface.club/limitless/layout_1/LTR/material/assets/images/demo/flat/13.png]
[demo.interface.club/limitless/layout_1/LTR/material/assets/images/demo/flat/14.png]
[demo.interface.club/limitless/layout_1/LTR/material/assets/images/demo/flat/16.png]
[demo.interface.club/limitless/layout_1/LTR/material/assets/images/demo/flat/17.png]
[demo.interface.club/limitless/layout_1/LTR/material/assets/images/demo/flat/18.png]
[demo.interface.club/limitless/layout_1/LTR/material/assets/images/demo/flat/19.png]
[demo.interface.club/limitless/layout_1/LTR/material/assets/images/demo/flat/20.png]
[demo.interface.club/limitless/layout_1/LTR/material/components_thumbnails.html]
[demo.interface.club/limitless/layout_1/LTR/material/components_page_header.html]
[demo.interface.club/limitless/layout_1/LTR/material/components_breadcrumbs.html]
[demo.interface.club/limitless/layout_1/LTR/material/assets/images/demo/users/face1.jpg]
[demo.interface.club/limitless/layout_1/LTR/material/assets/images/demo/users/face20.jpg]
[demo.interface.club/limitless/layout_1/LTR/material/assets/images/demo/users/face5.jpg]
[demo.interface.club/limitless/layout_1/LTR/material/assets/images/demo/users/face13.jpg]
[demo.interface.club/limitless/layout_1/LTR/material/assets/images/demo/users/face23.jpg]
[demo.interface.club/limitless/layout_1/LTR/material/assets/images/demo/users/face9.jpg]
[demo.interface.club/limitless/layout_1/LTR/material/assets/images/demo/users/face6.jpg]
[demo.interface.club/limitless/layout_1/LTR/material/components_media.html]
[demo.interface.club/limitless/layout_1/LTR/material/components_affix.html]
[demo.interface.club/limitless/layout_1/LTR/material/appearance_content_panels.html]
[demo.interface.club/limitless/layout_1/LTR/material/appearance_panel_heading.html]
[demo.interface.club/limitless/layout_1/LTR/material/appearance_panel_footer.html]
[demo.interface.club/limitless/layout_1/LTR/material/appearance_draggable_panels.html]
[demo.interface.club/limitless/layout_1/LTR/material/appearance_text_styling.html]
[demo.interface.club/limitless/layout_1/LTR/material/appearance_typography.html]
[demo.interface.club/limitless/layout_1/LTR/material/appearance_helpers.html]
[demo.interface.club/limitless/layout_1/LTR/material/appearance_syntax_highlighter.html]
[demo.interface.club/limitless/layout_1/LTR/material/appearance_content_grid.html]
[demo.interface.club/limitless/layout_1/LTR/material/extra_sliders_noui.html]
[demo.interface.club/limitless/layout_1/LTR/material/extra_sliders_ion.html]
[demo.interface.club/limitless/layout_1/LTR/material/extra_session_timeout.html]
[demo.interface.club/limitless/layout_1/LTR/material/extra_idle_timeout.html]
[demo.interface.club/limitless/layout_1/LTR/material/extra_trees.html]
[demo.interface.club/limitless/layout_1/LTR/material/extra_context_menu.html]
[demo.interface.club/limitless/layout_1/LTR/material/extra_fab.html]
[demo.interface.club/limitless/layout_1/LTR/material/animations_css3.html]
[demo.interface.club/limitless/layout_1/LTR/material/animations_velocity_basic.html]
[demo.interface.club/limitless/layout_1/LTR/material/animations_velocity_ui.html]
[demo.interface.club/limitless/layout_1/LTR/material/animations_velocity_examples.html]
[demo.interface.club/limitless/layout_1/LTR/material/icons_glyphicons.html]
[demo.interface.club/limitless/layout_1/LTR/material/icons_icomoon.html]
[demo.interface.club/limitless/layout_1/LTR/material/icons_fontawesome.html]
[demo.interface.club/limitless/layout_1/LTR/material/sidebar_default_collapse.html]
[demo.interface.club/limitless/layout_1/LTR/material/sidebar_default_hide.html]
[demo.interface.club/limitless/layout_1/LTR/material/sidebar_mini_collapse.html]
[demo.interface.club/limitless/layout_1/LTR/material/sidebar_mini_hide.html]
[demo.interface.club/limitless/layout_1/LTR/material/sidebar_dual.html]
[demo.interface.club/limitless/layout_1/LTR/material/sidebar_dual_double_collapse.html]
[demo.interface.club/limitless/layout_1/LTR/material/sidebar_dual_double_hide.html]
[demo.interface.club/limitless/layout_1/LTR/material/sidebar_dual_swap.html]
[demo.interface.club/limitless/layout_1/LTR/material/sidebar_double_collapse.html]
[demo.interface.club/limitless/layout_1/LTR/material/sidebar_double_hide.html]
[demo.interface.club/limitless/layout_1/LTR/material/sidebar_double_fix_default.html]
[demo.interface.club/limitless/layout_1/LTR/material/sidebar_double_fix_mini.html]
[demo.interface.club/limitless/layout_1/LTR/material/sidebar_double_visible.html]
[demo.interface.club/limitless/layout_1/LTR/material/sidebar_detached_left.html]
[demo.interface.club/limitless/layout_1/LTR/material/sidebar_detached_right.html]
[demo.interface.club/limitless/layout_1/LTR/material/sidebar_detached_sticky_custom.html]
[demo.interface.club/limitless/layout_1/LTR/material/sidebar_detached_sticky_native.html]
[demo.interface.club/limitless/layout_1/LTR/material/sidebar_detached_separate.html]
[demo.interface.club/limitless/layout_1/LTR/material/sidebar_hidden.html]
[demo.interface.club/limitless/layout_1/LTR/material/sidebar_light.html]
[demo.interface.club/limitless/layout_1/LTR/material/assets/images/demo/images/1.png]
[demo.interface.club/limitless/layout_1/LTR/material/assets/images/demo/images/4.png]
[demo.interface.club/limitless/layout_1/LTR/material/assets/images/demo/images/5.png]
[demo.interface.club/limitless/layout_1/LTR/material/assets/images/demo/images/7.png]
[demo.interface.club/limitless/layout_1/LTR/material/sidebar_components.html]
[demo.interface.club/limitless/layout_1/LTR/material/navigation_vertical_collapsible.html]
[demo.interface.club/limitless/layout_1/LTR/material/navigation_vertical_accordion.html]
[demo.interface.club/limitless/layout_1/LTR/material/assets/images/demo/images/8.png]
[demo.interface.club/limitless/layout_1/LTR/material/navigation_vertical_sizing.html]
[demo.interface.club/limitless/layout_1/LTR/material/navigation_vertical_bordered.html]
[demo.interface.club/limitless/layout_1/LTR/material/navigation_vertical_right_icons.html]
[demo.interface.club/limitless/layout_1/LTR/material/navigation_vertical_labels_badges.html]
[demo.interface.club/limitless/layout_1/LTR/material/navigation_vertical_disabled.html]
[demo.interface.club/limitless/layout_1/LTR/material/navigation_horizontal_click.html]
[demo.interface.club/limitless/layout_1/LTR/material/navigation_horizontal_hover.html]
[demo.interface.club/limitless/layout_1/LTR/material/assets/images/flags/es.png]
[demo.interface.club/limitless/layout_1/LTR/material/assets/images/flags/ua.png]
[demo.interface.club/limitless/layout_1/LTR/material/assets/images/flags/de.png]
[demo.interface.club/limitless/layout_1/LTR/material/assets/images/flags/gb.png]
[demo.interface.club/limitless/layout_1/LTR/material/navigation_horizontal_elements.html]
[demo.interface.club/limitless/layout_1/LTR/material/navigation_horizontal_tabs.html]
[demo.interface.club/limitless/layout_1/LTR/material/navigation_horizontal_disabled.html]
[demo.interface.club/limitless/layout_1/LTR/material/assets/images/flags/ru.png]
[demo.interface.club/limitless/layout_1/LTR/material/assets/images/demo/images/2.png]
[demo.interface.club/limitless/layout_1/LTR/material/navigation_horizontal_mega.html]
[demo.interface.club/limitless/layout_1/LTR/material/assets/images/demo/images/6.png]
[demo.interface.club/limitless/layout_1/LTR/material/assets/images/demo/images/3.png]
[demo.interface.club/limitless/layout_1/LTR/material/navbar_single.html]
[demo.interface.club/limitless/layout_1/LTR/material/navbar_multiple_navbar_navbar.html]
[demo.interface.club/limitless/layout_1/LTR/material/navbar_multiple_navbar_header.html]
[demo.interface.club/limitless/layout_1/LTR/material/navbar_multiple_header_navbar.html]
[demo.interface.club/limitless/layout_1/LTR/material/navbar_multiple_top_bottom.html]
[demo.interface.club/limitless/layout_1/LTR/material/assets/images/logo_dark.png]
[demo.interface.club/limitless/layout_1/LTR/material/navbar_colors.html]
[demo.interface.club/limitless/layout_1/LTR/material/navbar_sizes.html]
[demo.interface.club/limitless/layout_1/LTR/material/navbar_hideable.html]
[demo.interface.club/limitless/layout_1/LTR/material/navbar_components.html]
[demo.interface.club/limitless/layout_1/LTR/material/echarts_lines_areas.html]
[demo.interface.club/limitless/layout_1/LTR/material/echarts_columns_waterfalls.html]
[demo.interface.club/limitless/layout_1/LTR/material/echarts_bars_tornados.html]
[demo.interface.club/limitless/layout_1/LTR/material/echarts_scatter.html]
[demo.interface.club/limitless/layout_1/LTR/material/echarts_pies_donuts.html]
[demo.interface.club/limitless/layout_1/LTR/material/echarts_funnels_chords.html]
[demo.interface.club/limitless/layout_1/LTR/material/echarts_candlesticks_others.html]
[demo.interface.club/limitless/layout_1/LTR/material/echarts_combinations.html]
[demo.interface.club/limitless/layout_1/LTR/material/d3_lines_basic.html]
[demo.interface.club/limitless/layout_1/LTR/material/d3_lines_advanced.html]
[demo.interface.club/limitless/layout_1/LTR/material/d3_bars_basic.html]
[demo.interface.club/limitless/layout_1/LTR/material/d3_bars_advanced.html]
[demo.interface.club/limitless/layout_1/LTR/material/d3_pies.html]
[demo.interface.club/limitless/layout_1/LTR/material/d3_circle_diagrams.html]
[demo.interface.club/limitless/layout_1/LTR/material/d3_tree.html]
[demo.interface.club/limitless/layout_1/LTR/material/d3_other.html]
[demo.interface.club/limitless/layout_1/LTR/material/dimple_lines_horizontal.html]
[demo.interface.club/limitless/layout_1/LTR/material/dimple_lines_vertical.html]
[demo.interface.club/limitless/layout_1/LTR/material/dimple_bars_horizontal.html]
[demo.interface.club/limitless/layout_1/LTR/material/dimple_bars_vertical.html]
[demo.interface.club/limitless/layout_1/LTR/material/dimple_area_horizontal.html]
[demo.interface.club/limitless/layout_1/LTR/material/dimple_area_vertical.html]
[demo.interface.club/limitless/layout_1/LTR/material/dimple_step_horizontal.html]
[demo.interface.club/limitless/layout_1/LTR/material/dimple_step_vertical.html]
[demo.interface.club/limitless/layout_1/LTR/material/dimple_pies.html]
[demo.interface.club/limitless/layout_1/LTR/material/dimple_rings.html]
[demo.interface.club/limitless/layout_1/LTR/material/dimple_scatter.html]
[demo.interface.club/limitless/layout_1/LTR/material/dimple_bubble.html]
[demo.interface.club/limitless/layout_1/LTR/material/c3_lines_areas.html]
[demo.interface.club/limitless/layout_1/LTR/material/c3_bars_pies.html]
[demo.interface.club/limitless/layout_1/LTR/material/c3_advanced.html]
[demo.interface.club/limitless/layout_1/LTR/material/c3_axis.html]
[demo.interface.club/limitless/layout_1/LTR/material/c3_grid.html]
[demo.interface.club/limitless/layout_1/LTR/material/google_lines.html]
[demo.interface.club/limitless/layout_1/LTR/material/google_bars.html]
[demo.interface.club/limitless/layout_1/LTR/material/google_pies.html]
[demo.interface.club/limitless/layout_1/LTR/material/google_scatter_bubble.html]
[demo.interface.club/limitless/layout_1/LTR/material/google_other.html]
[demo.interface.club/limitless/layout_1/LTR/material/maps_google_basic.html]
[demo.interface.club/limitless/layout_1/LTR/material/maps_google_controls.html]
[demo.interface.club/limitless/layout_1/LTR/material/maps_google_markers.html]
[demo.interface.club/limitless/layout_1/LTR/material/maps_google_drawings.html]
[demo.interface.club/limitless/layout_1/LTR/material/maps_google_layers.html]
[demo.interface.club/limitless/layout_1/LTR/material/maps_vector.html]
[demo.interface.club/limitless/layout_1/LTR/material/assets/images/demo/images/for_crop.png]
[demo.interface.club/limitless/layout_1/LTR/material/extension_image_cropper.html]
[demo.interface.club/limitless/layout_1/LTR/material/assets/images/demo/images/10.png]
[demo.interface.club/limitless/layout_1/LTR/material/assets/images/demo/images/9.png]
[demo.interface.club/limitless/layout_1/LTR/material/extension_blockui.html]
[demo.interface.club/limitless/layout_1/LTR/material/extension_dnd.html]
[demo.interface.club/limitless/layout_1/LTR/material/jqueryui_interactions.html]
[demo.interface.club/limitless/layout_1/LTR/material/jqueryui_forms.html]
[demo.interface.club/limitless/layout_1/LTR/material/jqueryui_components.html]
[demo.interface.club/limitless/layout_1/LTR/material/jqueryui_sliders.html]
[demo.interface.club/limitless/layout_1/LTR/material/jqueryui_navigation.html]
[demo.interface.club/limitless/layout_1/LTR/material/uploader_plupload.html]
[demo.interface.club/limitless/layout_1/LTR/material/uploader_bootstrap.html]
[demo.interface.club/limitless/layout_1/LTR/material/uploader_dropzone.html]
[demo.interface.club/limitless/layout_1/LTR/material/extension_fullcalendar_views.html]
[demo.interface.club/limitless/layout_1/LTR/material/extension_fullcalendar_styling.html]
[demo.interface.club/limitless/layout_1/LTR/material/extension_fullcalendar_formats.html]
[demo.interface.club/limitless/layout_1/LTR/material/extension_fullcalendar_advanced.html]
[demo.interface.club/limitless/layout_1/LTR/material/internationalization_switch_direct.html]
[demo.interface.club/limitless/layout_1/LTR/material/internationalization_switch_query.html]
[demo.interface.club/limitless/layout_1/LTR/material/internationalization_on_init.html]
[demo.interface.club/limitless/layout_1/LTR/material/internationalization_after_init.html]
[demo.interface.club/limitless/layout_1/LTR/material/assets/images/flags/hu.png]
[demo.interface.club/limitless/layout_1/LTR/material/internationalization_fallback.html]
[demo.interface.club/limitless/layout_1/LTR/material/internationalization_callbacks.html]
[demo.interface.club/limitless/layout_1/LTR/material/table_basic.html]
[demo.interface.club/limitless/layout_1/LTR/material/table_sizing.html]
[demo.interface.club/limitless/layout_1/LTR/material/table_borders.html]
[demo.interface.club/limitless/layout_1/LTR/material/table_styling.html]
[demo.interface.club/limitless/layout_1/LTR/material/table_elements.html]
[demo.interface.club/limitless/layout_1/LTR/material/datatable_basic.html]
[demo.interface.club/limitless/layout_1/LTR/material/datatable_styling.html]
[demo.interface.club/limitless/layout_1/LTR/material/datatable_advanced.html]
[demo.interface.club/limitless/layout_1/LTR/material/datatable_sorting.html]
[demo.interface.club/limitless/layout_1/LTR/material/datatable_api.html]
[demo.interface.club/limitless/layout_1/LTR/material/datatable_data_sources.html]
[demo.interface.club/limitless/layout_1/LTR/material/datatable_extension_reorder.html]
[demo.interface.club/limitless/layout_1/LTR/material/datatable_extension_row_reorder.html]
[demo.interface.club/limitless/layout_1/LTR/material/datatable_extension_fixed_columns.html]
[demo.interface.club/limitless/layout_1/LTR/material/datatable_extension_fixed_header.html]
[demo.interface.club/limitless/layout_1/LTR/material/datatable_extension_autofill.html]
[demo.interface.club/limitless/layout_1/LTR/material/datatable_extension_key_table.html]
[demo.interface.club/limitless/layout_1/LTR/material/datatable_extension_scroller.html]
[demo.interface.club/limitless/layout_1/LTR/material/datatable_extension_select.html]
[demo.interface.club/limitless/layout_1/LTR/material/datatable_extension_buttons_init.html]
[demo.interface.club/limitless/layout_1/LTR/material/datatable_extension_buttons_flash.html]
[demo.interface.club/limitless/layout_1/LTR/material/datatable_extension_buttons_print.html]
[demo.interface.club/limitless/layout_1/LTR/material/datatable_extension_buttons_html5.html]
[demo.interface.club/limitless/layout_1/LTR/material/datatable_extension_colvis.html]
[demo.interface.club/limitless/layout_1/LTR/material/handsontable_basic.html]
[demo.interface.club/limitless/layout_1/LTR/material/handsontable_advanced.html]
[demo.interface.club/limitless/layout_1/LTR/material/handsontable_cols.html]
[demo.interface.club/limitless/layout_1/LTR/material/handsontable_cells.html]
[demo.interface.club/limitless/layout_1/LTR/material/handsontable_types.html]
[demo.interface.club/limitless/layout_1/LTR/material/handsontable_custom_checks.html]
[demo.interface.club/limitless/layout_1/LTR/material/handsontable_ac_password.html]
[demo.interface.club/limitless/layout_1/LTR/material/handsontable_search.html]
[demo.interface.club/limitless/layout_1/LTR/material/handsontable_context.html]
[demo.interface.club/limitless/layout_1/LTR/material/table_responsive.html]
[demo.interface.club/limitless/layout_1/LTR/material/datatable_responsive.html]
[demo.interface.club/limitless/layout_1/LTR/material/task_manager_grid.html]
[demo.interface.club/limitless/layout_1/LTR/material/assets/images/demo/users/face21.jpg]
[demo.interface.club/limitless/layout_1/LTR/material/task_manager_list.html]
[demo.interface.club/limitless/layout_1/LTR/material/task_manager_detailed.html]
[demo.interface.club/limitless/layout_1/LTR/material/assets/images/logo_demo.png]
[demo.interface.club/limitless/layout_1/LTR/material/assets/images/signature.png]
[demo.interface.club/limitless/layout_1/LTR/material/invoice_template.html]
[demo.interface.club/limitless/layout_1/LTR/material/invoice_grid.html]
[demo.interface.club/limitless/layout_1/LTR/material/invoice_archive.html]
[demo.interface.club/limitless/layout_1/LTR/material/user_pages_cards.html]
[demo.interface.club/limitless/layout_1/LTR/material/assets/images/demo/video1.png]
[demo.interface.club/limitless/layout_1/LTR/material/user_pages_list.html]
[demo.interface.club/limitless/layout_1/LTR/material/assets/images/demo/video2.png]
[demo.interface.club/limitless/layout_1/LTR/material/user_pages_profile.html]
[demo.interface.club/limitless/layout_1/LTR/material/assets/images/demo/cover3.jpg]
[demo.interface.club/limitless/layout_1/LTR/material/assets/images/demo/cover2.jpg]
[demo.interface.club/limitless/layout_1/LTR/material/user_pages_profile_cover.html]
[demo.interface.club/limitless/layout_1/LTR/material/login_simple.html]
[demo.interface.club/limitless/layout_1/LTR/material/login_advanced.html]
[demo.interface.club/limitless/layout_1/LTR/material/login_registration.html]
[demo.interface.club/limitless/layout_1/LTR/material/login_registration_advanced.html]
[demo.interface.club/limitless/layout_1/LTR/material/login_unlock.html]
[demo.interface.club/limitless/layout_1/LTR/material/login_password_recover.html]
[demo.interface.club/limitless/layout_1/LTR/material/login_hide_navbar.html]
[demo.interface.club/limitless/layout_1/LTR/material/login_transparent.html]
[demo.interface.club/limitless/layout_1/LTR/material/login_background.html]
[demo.interface.club/limitless/layout_1/LTR/material/login_validation.html]
[demo.interface.club/limitless/layout_1/LTR/material/login_tabbed.html]
[demo.interface.club/limitless/layout_1/LTR/material/login_modals.html]
[demo.interface.club/limitless/layout_1/LTR/material/timelines_left.html]
[demo.interface.club/limitless/layout_1/LTR/material/timelines_right.html]
[demo.interface.club/limitless/layout_1/LTR/material/timelines_center.html]
[demo.interface.club/limitless/layout_1/LTR/material/support_conversation_layouts.html]
[demo.interface.club/limitless/layout_1/LTR/material/support_conversation_options.html]
[demo.interface.club/limitless/layout_1/LTR/material/support_knowledgebase.html]
[demo.interface.club/limitless/layout_1/LTR/material/support_faq.html]
[demo.interface.club/limitless/layout_1/LTR/material/search_basic.html]
[demo.interface.club/limitless/layout_1/LTR/material/search_users.html]
[demo.interface.club/limitless/layout_1/LTR/material/assets/images/demo/flat/22.png]
[demo.interface.club/limitless/layout_1/LTR/material/assets/images/demo/flat/23.png]
[demo.interface.club/limitless/layout_1/LTR/material/assets/images/demo/flat/24.png]
[demo.interface.club/limitless/layout_1/LTR/material/search_images.html]
[demo.interface.club/limitless/layout_1/LTR/material/search_videos.html]
[demo.interface.club/limitless/layout_1/LTR/material/gallery_grid.html]
[demo.interface.club/limitless/layout_1/LTR/material/gallery_titles.html]
[demo.interface.club/limitless/layout_1/LTR/material/gallery_description.html]
[demo.interface.club/limitless/layout_1/LTR/material/gallery_library.html]
[demo.interface.club/limitless/layout_1/LTR/material/assets/images/demo/flat/25.png]
[demo.interface.club/limitless/layout_1/LTR/material/error_403.html]
[demo.interface.club/limitless/layout_1/LTR/material/error_404.html]
[demo.interface.club/limitless/layout_1/LTR/material/error_405.html]
[demo.interface.club/limitless/layout_1/LTR/material/error_500.html]
[demo.interface.club/limitless/layout_1/LTR/material/error_503.html]
[demo.interface.club/limitless/layout_1/LTR/material/error_offline.html]
[demo.interface.club/limitless/layout_1/LTR/material/assets/css/icons/icomoon/fonts/icomoone627.svg]
[demo.interface.club/limitless/layout_1/LTR/material/assets/css/icons/glyphicons/glyphicons-halflings-regular.svg]
[demo.interface.club/limitless/layout_1/LTR/material/Popover requires tooltip.html]
[demo.interface.club/limitless/layout_1/LTR/material/specified parentLocale is not defined yet. See http_/momentjs.com/guides/index.html]
[demo.interface.club/limitless/layout_1/LTR/material/moment construction falls back to js Date. This/momentjs.com/guides/index.html]
[demo.interface.club/limitless/layout_1/LTR/material/isDSTShifted is deprecated. See http_/momentjs.com/guides/index.html]
[demo.interface.club/limitless/layout_1/LTR/material/assets/js/plugins/ui/nicescroll.min.js]
[demo.interface.club/limitless/layout_1/LTR/material/assets/js/pages/layout_fixed_custom.js]
[demo.interface.club/limitless/layout_1/LTR/material/assets/js/pages/layout_fixed_native.js]
[demo.interface.club/limitless/layout_1/LTR/material/assets/js/plugins/ui/headroom/headroom.min.js]
[demo.interface.club/limitless/layout_1/LTR/material/assets/js/plugins/ui/headroom/headroom_jquery.min.js]
[demo.interface.club/limitless/layout_1/LTR/material/assets/js/pages/layout_navbar_hideable.js]
[demo.interface.club/limitless/layout_1/LTR/material/assets/js/pages/layout_navbar_hideable_sidebar.js]
[demo.interface.club/limitless/layout_1/LTR/material/assets/js/pages/dashboard_boxed.js]
[demo.interface.club/limitless/layout_1/LTR/material/assets/js/plugins/ui/drilldown.js]
[demo.interface.club/limitless/layout_1/LTR/material/assets/js/pages/dashboard_boxed_full.js]
[demo.interface.club/limitless/layout_1/LTR/material/assets/js/core/libraries/jquery_ui/core.min.js]
[demo.interface.club/limitless/layout_1/LTR/material/assets/js/plugins/forms/selects/select2.min.js]
[demo.interface.club/limitless/layout_1/LTR/material/assets/js/plugins/forms/selects/selectboxit.min.js]
[demo.interface.club/limitless/layout_1/LTR/material/assets/js/plugins/forms/selects/bootstrap_select.min.js]
[demo.interface.club/limitless/layout_1/LTR/material/assets/js/plugins/notifications/pnotify.min.js]
[demo.interface.club/limitless/layout_1/LTR/material/assets/js/plugins/notifications/noty.min.js]
[demo.interface.club/limitless/layout_1/LTR/material/assets/js/plugins/notifications/jgrowl.min.js]
[demo.interface.club/limitless/layout_1/LTR/material/assets/js/pages/colors_primary.js]
[demo.interface.club/limitless/layout_1/LTR/material/assets/js/pages/colors_danger.js]
[demo.interface.club/limitless/layout_1/LTR/material/assets/js/pages/colors_success.js]
[demo.interface.club/limitless/layout_1/LTR/material/assets/js/pages/colors_warning.js]
[demo.interface.club/limitless/layout_1/LTR/material/assets/js/pages/colors_info.js]
[demo.interface.club/limitless/layout_1/LTR/material/assets/js/pages/colors_pink.js]
[demo.interface.club/limitless/layout_1/LTR/material/assets/js/pages/colors_violet.js]
[demo.interface.club/limitless/layout_1/LTR/material/assets/js/pages/colors_purple.js]
[demo.interface.club/limitless/layout_1/LTR/material/assets/js/pages/colors_indigo.js]
[demo.interface.club/limitless/layout_1/LTR/material/assets/js/pages/colors_blue.js]
[demo.interface.club/limitless/layout_1/LTR/material/assets/js/pages/colors_teal.js]
[demo.interface.club/limitless/layout_1/LTR/material/assets/js/pages/colors_green.js]
[demo.interface.club/limitless/layout_1/LTR/material/assets/js/pages/colors_orange.js]
[demo.interface.club/limitless/layout_1/LTR/material/assets/js/pages/colors_brown.js]
[demo.interface.club/limitless/layout_1/LTR/material/assets/js/pages/colors_grey.js]
[demo.interface.club/limitless/layout_1/LTR/material/assets/js/pages/colors_slate.js]
[demo.interface.club/limitless/layout_1/LTR/material/starters/assets/css/icons/icomoon/fonts/icomoone627.eot]
[demo.interface.club/limitless/layout_1/LTR/material/starters/assets/css/icons/icomoon/fonts/icomoond41d.eot]
[demo.interface.club/limitless/layout_1/LTR/material/starters/assets/css/icons/icomoon/fonts/icomoone627.woff]
[demo.interface.club/limitless/layout_1/LTR/material/starters/assets/css/icons/icomoon/fonts/icomoone627.ttf]
[demo.interface.club/limitless/layout_1/LTR/material/starters/assets/css/icons/icomoon/styles.css]
[demo.interface.club/limitless/layout_1/LTR/material/starters/assets/css/icons/glyphicons/glyphicons-halflings-regular.eot]
[demo.interface.club/limitless/layout_1/LTR/material/starters/assets/css/icons/glyphicons/glyphicons-halflings-regular.woff2]
[demo.interface.club/limitless/layout_1/LTR/material/starters/assets/css/icons/glyphicons/glyphicons-halflings-regular.woff]
[demo.interface.club/limitless/layout_1/LTR/material/starters/assets/css/icons/glyphicons/glyphicons-halflings-regulard41d.eot]
[demo.interface.club/limitless/layout_1/LTR/material/starters/assets/css/icons/glyphicons/glyphicons-halflings-regular.ttf]
[demo.interface.club/limitless/layout_1/LTR/material/starters/assets/css/bootstrap.css]
[demo.interface.club/limitless/layout_1/LTR/material/starters/assets/css/core.css]
[demo.interface.club/limitless/layout_1/LTR/material/starters/assets/images/backgrounds/boxed_bg.png]
[demo.interface.club/limitless/layout_1/LTR/material/starters/assets/css/components.css]
[demo.interface.club/limitless/layout_1/LTR/material/starters/assets/css/colors.css]
[demo.interface.club/limitless/layout_1/LTR/material/starters/index.html]
[demo.interface.club/limitless/layout_1/LTR/material/assets/js/pages/sidebar_detached_sticky_custom.js]
[demo.interface.club/limitless/layout_1/LTR/material/assets/js/pages/layout_navbar_secondary_fixed.js]
[demo.interface.club/limitless/layout_1/LTR/material/starters/assets/images/backgrounds/boxed_bg_retina.png]
[demo.interface.club/limitless/layout_1/LTR/material/assets/js/plugins/ui/prism.min.js]
[demo.interface.club/limitless/layout_1/LTR/material/assets/js/pages/sidebar_detached_sticky_native.js]
[demo.interface.club/limitless/layout_1/LTR/material/assets/js/pages/form_inputs.js]
[demo.interface.club/limitless/layout_1/LTR/material/assets/js/plugins/forms/styling/switch.min.js]
[demo.interface.club/limitless/layout_1/LTR/material/assets/js/pages/form_checkboxes_radios.js]
[demo.interface.club/limitless/layout_1/LTR/material/assets/js/plugins/forms/inputs/touchspin.min.js]
[demo.interface.club/limitless/layout_1/LTR/material/assets/js/pages/form_input_groups.js]
[demo.interface.club/limitless/layout_1/LTR/material/assets/js/core/libraries/jasny_bootstrap.min.js]
[demo.interface.club/limitless/layout_1/LTR/material/assets/js/plugins/forms/inputs/autosize.min.js]
[demo.interface.club/limitless/layout_1/LTR/material/assets/js/plugins/forms/inputs/formatter.min.js]
[demo.interface.club/limitless/layout_1/LTR/material/assets/js/plugins/forms/inputs/typeahead/typeahead.bundle.min.js]
[demo.interface.club/limitless/layout_1/LTR/material/assets/js/plugins/forms/inputs/typeahead/handlebars.min.js]
[demo.interface.club/limitless/layout_1/LTR/material/assets/js/plugins/forms/inputs/passy.js]
[demo.interface.club/limitless/layout_1/LTR/material/assets/js/plugins/forms/inputs/maxlength.min.js]
[demo.interface.club/limitless/layout_1/LTR/material/assets/js/pages/form_controls_extended.js]
[demo.interface.club/limitless/layout_1/LTR/material/assets/js/plugins/forms/tags/tagsinput.min.js]
[demo.interface.club/limitless/layout_1/LTR/material/assets/js/plugins/forms/tags/tokenfield.min.js]
[demo.interface.club/limitless/layout_1/LTR/material/assets/js/pages/form_floating_labels.js]
[demo.interface.club/limitless/layout_1/LTR/material/assets/js/core/libraries/jquery_ui/interactions.min.js]
[demo.interface.club/limitless/layout_1/LTR/material/assets/js/pages/form_select2.js]
[demo.interface.club/limitless/layout_1/LTR/material/assets/js/pages/form_multiselect.js]
[demo.interface.club/limitless/layout_1/LTR/material/assets/js/pages/form_selectbox.js]
[demo.interface.club/limitless/layout_1/LTR/material/assets/js/pages/form_bootstrap_select.js]
[demo.interface.club/limitless/layout_1/LTR/material/assets/js/pages/form_tags_input.js]
[demo.interface.club/limitless/layout_1/LTR/material/assets/js/plugins/forms/inputs/duallistbox.min.js]
[demo.interface.club/limitless/layout_1/LTR/material/assets/js/pages/form_dual_listboxes.js]
[demo.interface.club/limitless/layout_1/LTR/material/assets/js/plugins/forms/editable/editable.min.js]
[demo.interface.club/limitless/layout_1/LTR/material/assets/js/plugins/extensions/mockjax.min.js]
[demo.interface.club/limitless/layout_1/LTR/material/assets/js/plugins/forms/editable/address.js]
[demo.interface.club/limitless/layout_1/LTR/material/assets/js/pages/form_editable.js]
[demo.interface.club/limitless/layout_1/LTR/material/assets/js/plugins/forms/validation/validate.min.js]
[demo.interface.club/limitless/layout_1/LTR/material/assets/js/pages/form_validation.js]
[demo.interface.club/limitless/layout_1/LTR/material/assets/js/plugins/forms/inputs/alpaca/alpaca.min.js]
[demo.interface.club/limitless/layout_1/LTR/material/assets/js/pages/alpaca_basic.js]
[demo.interface.club/limitless/layout_1/LTR/material/assets/js/plugins/forms/inputs/alpaca/price_format.min.js]
[demo.interface.club/limitless/layout_1/LTR/material/ckeditor/ckeditor.js]
[demo.interface.club/limitless/layout_1/LTR/material/assets/js/pages/alpaca_advanced.js]
[demo.interface.club/limitless/layout_1/LTR/material/assets/js/core/libraries/jquery_ui/widgets.min.js]
[demo.interface.club/limitless/layout_1/LTR/material/assets/js/pages/alpaca_controls.js]
[demo.interface.club/limitless/layout_1/LTR/material/assets/js/plugins/forms/wizards/steps.min.js]
[demo.interface.club/limitless/layout_1/LTR/material/assets/js/plugins/extensions/cookie.js]
[demo.interface.club/limitless/layout_1/LTR/material/assets/js/pages/wizard_steps.js]
[demo.interface.club/limitless/layout_1/LTR/material/wizards_steps.html]
[demo.interface.club/limitless/layout_1/LTR/material/assets/js/plugins/forms/wizards/form_wizard/form.min.js]
[demo.interface.club/limitless/layout_1/LTR/material/assets/js/plugins/forms/wizards/form_wizard/form_wizard.min.js]
[demo.interface.club/limitless/layout_1/LTR/material/assets/js/plugins/notifications/sweet_alert.min.js]
[demo.interface.club/limitless/layout_1/LTR/material/assets/js/pages/wizard_form.js]
[demo.interface.club/limitless/layout_1/LTR/material/wizards_form.html]
[demo.interface.club/limitless/layout_1/LTR/material/assets/js/plugins/forms/wizards/stepy.min.js]
[demo.interface.club/limitless/layout_1/LTR/material/assets/js/pages/wizard_stepy.js]
[demo.interface.club/limitless/layout_1/LTR/material/wizards_stepy.html]
[demo.interface.club/limitless/layout_1/LTR/material/assets/js/plugins/editors/summernote/summernote.min.js]
[demo.interface.club/limitless/layout_1/LTR/material/assets/js/pages/editor_summernote.js]
[demo.interface.club/limitless/layout_1/LTR/material/editors_summernote.html]
[demo.interface.club/limitless/layout_1/LTR/material/assets/js/pages/editor_ckeditor.js]
[demo.interface.club/limitless/layout_1/LTR/material/editors_ckeditor.html]
[demo.interface.club/limitless/layout_1/LTR/material/assets/js/plugins/editors/wysihtml5/wysihtml5.min.js]
[demo.interface.club/limitless/layout_1/LTR/material/assets/js/plugins/editors/wysihtml5/toolbar.js]
[demo.interface.club/limitless/layout_1/LTR/material/assets/js/plugins/editors/wysihtml5/parsers.js]
[demo.interface.club/limitless/layout_1/LTR/material/assets/js/plugins/editors/wysihtml5/locales/bootstrap-wysihtml5.ua-UA.js]
[demo.interface.club/limitless/layout_1/LTR/material/assets/js/pages/editor_wysihtml5.js]
[demo.interface.club/limitless/layout_1/LTR/material/editors_wysihtml5.html]
[demo.interface.club/limitless/layout_1/LTR/material/assets/js/plugins/editors/ace/ace.js]
[demo.interface.club/limitless/layout_1/LTR/material/assets/js/pages/editor_code.js]
[demo.interface.club/limitless/layout_1/LTR/material/editors_code.html]
[demo.interface.club/limitless/layout_1/LTR/material/assets/js/plugins/pickers/anytime.min.js]
[demo.interface.club/limitless/layout_1/LTR/material/assets/js/plugins/pickers/pickadate/picker.js]
[demo.interface.club/limitless/layout_1/LTR/material/assets/js/plugins/pickers/pickadate/picker.date.js]
[demo.interface.club/limitless/layout_1/LTR/material/assets/js/plugins/pickers/pickadate/picker.time.js]
[demo.interface.club/limitless/layout_1/LTR/material/assets/js/plugins/pickers/pickadate/legacy.js]
[demo.interface.club/limitless/layout_1/LTR/material/assets/js/pages/picker_date.js]
[demo.interface.club/limitless/layout_1/LTR/material/pickers_date.html]
[demo.interface.club/limitless/layout_1/LTR/material/assets/js/plugins/pickers/color/spectrum.js]
[demo.interface.club/limitless/layout_1/LTR/material/assets/js/pages/picker_color.js]
[demo.interface.club/limitless/layout_1/LTR/material/pickers_color.html]
[demo.interface.club/limitless/layout_1/LTR/material/assets/js/plugins/pickers/location/typeahead_addresspicker.js]
[demo.interface.club/limitless/layout_1/LTR/material/assets/js/plugins/pickers/location/autocomplete_addresspicker.js]
[demo.interface.club/limitless/layout_1/LTR/material/assets/js/plugins/pickers/location/location.js]
[demo.interface.club/limitless/layout_1/LTR/material/assets/js/pages/picker_location.js]
[demo.interface.club/limitless/layout_1/LTR/material/pickers_location.html]
[demo.interface.club/limitless/layout_1/LTR/material/assets/js/pages/form_layouts.js]
[demo.interface.club/limitless/layout_1/LTR/material/assets/js/plugins/notifications/bootbox.min.js]
[demo.interface.club/limitless/layout_1/LTR/material/assets/js/pages/components_modals.js]
[demo.interface.club/limitless/layout_1/LTR/material/assets/js/pages/components_dropdowns.js]
[demo.interface.club/limitless/layout_1/LTR/material/assets/css/extras/animate.min.css]
[demo.interface.club/limitless/layout_1/LTR/material/assets/js/core/libraries/jquery_ui/touch.min.js]
[demo.interface.club/limitless/layout_1/LTR/material/assets/js/pages/components_navs.js]
[demo.interface.club/limitless/layout_1/LTR/material/assets/js/plugins/velocity/velocity.min.js]
[demo.interface.club/limitless/layout_1/LTR/material/assets/js/plugins/velocity/velocity.ui.min.js]
[demo.interface.club/limitless/layout_1/LTR/material/assets/js/plugins/buttons/spin.min.js]
[demo.interface.club/limitless/layout_1/LTR/material/assets/js/plugins/buttons/ladda.min.js]
[demo.interface.club/limitless/layout_1/LTR/material/assets/js/pages/components_buttons.js]
[demo.interface.club/limitless/layout_1/LTR/material/assets/js/pages/components_notifications_pnotify.js]
[demo.interface.club/limitless/layout_1/LTR/material/assets/js/pages/components_notifications_other.js]
[demo.interface.club/limitless/layout_1/LTR/material/components_notifications_other.html]
[demo.interface.club/limitless/layout_1/LTR/material/assets/js/pages/components_popups.js]
[demo.interface.club/limitless/layout_1/LTR/material/colors_red.html]
[demo.interface.club/limitless/layout_1/LTR/material/assets/js/plugins/pickers/datepicker.js]
[demo.interface.club/limitless/layout_1/LTR/material/assets/js/plugins/pagination/bootpag.min.js]
[demo.interface.club/limitless/layout_1/LTR/material/assets/js/plugins/pagination/bs_pagination.min.js]
[demo.interface.club/limitless/layout_1/LTR/material/assets/js/plugins/pagination/datepaginator.min.js]
[demo.interface.club/limitless/layout_1/LTR/material/assets/js/pages/components_pagination.js]
[demo.interface.club/limitless/layout_1/LTR/material/assets/js/plugins/loaders/progressbar.min.js]
[demo.interface.club/limitless/layout_1/LTR/material/assets/js/pages/components_loaders.js]
[demo.interface.club/limitless/layout_1/LTR/material/assets/js/plugins/media/fancybox.min.js]
[demo.interface.club/limitless/layout_1/LTR/material/assets/js/pages/components_thumbnails.js]
[demo.interface.club/limitless/layout_1/LTR/material/assets/js/pages/components_page_header.js]
[demo.interface.club/limitless/layout_1/LTR/material/assets/js/pages/components_media.js]
[demo.interface.club/limitless/layout_1/LTR/material/assets/js/plugins/sliders/nouislider.min.js]
[demo.interface.club/limitless/layout_1/LTR/material/assets/js/pages/appearance_panel_heading.js]
[demo.interface.club/limitless/layout_1/LTR/material/panels_footer.html]
[demo.interface.club/limitless/layout_1/LTR/material/assets/js/pages/appearance_draggable_panels.js]
[demo.interface.club/limitless/layout_1/LTR/material/assets/js/pages/extra_sliders_noui.js]
[demo.interface.club/limitless/layout_1/LTR/material/assets/js/plugins/sliders/ion_rangeslider.min.js]
[demo.interface.club/limitless/layout_1/LTR/material/assets/js/plugins/ui/moment/moment_locales.min.js]
[demo.interface.club/limitless/layout_1/LTR/material/assets/js/pages/extra_sliders_ion.js]
[demo.interface.club/limitless/layout_1/LTR/material/assets/js/plugins/extensions/session_timeout.min.js]
[demo.interface.club/limitless/layout_1/LTR/material/assets/js/pages/extra_session_timeout.js]
[demo.interface.club/limitless/layout_1/LTR/material/assets/js/pages/extra_idle_timeout.js]
[demo.interface.club/limitless/layout_1/LTR/material/assets/js/core/libraries/jquery_ui/effects.min.js]
[demo.interface.club/limitless/layout_1/LTR/material/assets/js/plugins/trees/fancytree_all.min.js]
[demo.interface.club/limitless/layout_1/LTR/material/assets/js/plugins/trees/fancytree_childcounter.js]
[demo.interface.club/limitless/layout_1/LTR/material/assets/js/pages/extra_trees.js]
[demo.interface.club/limitless/layout_1/LTR/material/assets/js/plugins/extensions/contextmenu.js]
[demo.interface.club/limitless/layout_1/LTR/material/assets/js/pages/extra_context_menu.js]
[demo.interface.club/limitless/layout_1/LTR/material/assets/js/plugins/ui/fab.min.js]
[demo.interface.club/limitless/layout_1/LTR/material/assets/js/pages/extra_fab.js]
[demo.interface.club/limitless/layout_1/LTR/material/assets/js/pages/animations_css3.js]
[demo.interface.club/limitless/layout_1/LTR/material/assets/js/pages/animations_velocity_basic.js]
[demo.interface.club/limitless/layout_1/LTR/material/assets/js/pages/animations_velocity_ui.js]
[demo.interface.club/limitless/layout_1/LTR/material/assets/js/pages/animations_velocity_examples.js]
[demo.interface.club/limitless/layout_1/LTR/material/assets/css/icons/fontawesome/fonts/fontawesome-webfont5b62.eot]
[demo.interface.club/limitless/layout_1/LTR/material/assets/css/icons/fontawesome/fonts/fontawesome-webfontd41d.eot]
[demo.interface.club/limitless/layout_1/LTR/material/assets/css/icons/fontawesome/fonts/fontawesome-webfont5b62.woff2]
[demo.interface.club/limitless/layout_1/LTR/material/assets/css/icons/fontawesome/fonts/fontawesome-webfont5b62.woff]
[demo.interface.club/limitless/layout_1/LTR/material/assets/css/icons/fontawesome/fonts/fontawesome-webfont5b62.ttf]
[demo.interface.club/limitless/layout_1/LTR/material/assets/css/icons/fontawesome/styles.min.css]
[demo.interface.club/limitless/layout_1/LTR/material/assets/js/pages/sidebar_dual.js]
[demo.interface.club/limitless/layout_1/LTR/material/sidebar_dual_left.html]
[demo.interface.club/limitless/layout_1/LTR/material/sidebar_double_collapse_left.html]
[demo.interface.club/limitless/layout_1/LTR/material/assets/js/plugins/sliders/slider_pips.min.js]
[demo.interface.club/limitless/layout_1/LTR/material/assets/js/pages/sidebar_components.js]
[demo.interface.club/limitless/layout_1/LTR/material/extension_velocity_basic.html]
[demo.interface.club/limitless/layout_1/LTR/material/extension_velocity_ui.html]
[demo.interface.club/limitless/layout_1/LTR/material/extension_velocity_examples.html]
[demo.interface.club/limitless/layout_1/LTR/material/assets/js/pages/navigation_vertical_sizing.js]
[demo.interface.club/limitless/layout_1/LTR/material/form_components.html]
[demo.interface.club/limitless/layout_1/LTR/material/form_components_advanced.html]
[demo.interface.club/limitless/layout_1/LTR/material/extra_fullcalendar_views.html]
[demo.interface.club/limitless/layout_1/LTR/material/assets/js/plugins/buttons/hover_dropdown.min.js]
[demo.interface.club/limitless/layout_1/LTR/material/assets/js/pages/navigation_horizontal_elements.js]
[demo.interface.club/limitless/layout_1/LTR/material/assets/js/pages/navigation_horizontal_mega.js]
[demo.interface.club/limitless/layout_1/LTR/material/layout_sidebar_sticky_custom.html]
[demo.interface.club/limitless/layout_1/LTR/material/layout_sidebar_sticky_native.html]
[demo.interface.club/limitless/layout_1/LTR/material/sidebar_categories.html]
[demo.interface.club/limitless/layout_1/LTR/material/sidebar_dark.html]
[demo.interface.club/limitless/layout_1/LTR/material/assets/js/pages/navbar_single.js]
[demo.interface.club/limitless/layout_1/LTR/material/assets/js/pages/navbar_multiple.js]
[demo.interface.club/limitless/layout_1/LTR/material/assets/js/pages/navbar_hideable.js]
[demo.interface.club/limitless/layout_1/LTR/material/assets/js/pages/navbar_components.js]
[demo.interface.club/limitless/layout_1/LTR/material/components_notifications.html]
[demo.interface.club/limitless/layout_1/LTR/material/assets/js/plugins/visualization/echarts/echarts.js]
[demo.interface.club/limitless/layout_1/LTR/material/assets/js/charts/echarts/lines_areas.js]
[demo.interface.club/limitless/layout_1/LTR/material/assets/js/charts/echarts/columns_waterfalls.js]
[demo.interface.club/limitless/layout_1/LTR/material/assets/js/charts/echarts/timeline_option.js]
[demo.interface.club/limitless/layout_1/LTR/material/assets/js/charts/echarts/bars_tornados.js]
[demo.interface.club/limitless/layout_1/LTR/material/assets/js/charts/echarts/scatter.js]
[demo.interface.club/limitless/layout_1/LTR/material/assets/js/charts/echarts/pies_donuts.js]
[demo.interface.club/limitless/layout_1/LTR/material/assets/js/charts/echarts/funnels_chords.js]
[demo.interface.club/limitless/layout_1/LTR/material/assets/js/charts/echarts/candlesticks_others.js]
[demo.interface.club/limitless/layout_1/LTR/material/assets/js/charts/echarts/combinations.js]
[demo.interface.club/limitless/layout_1/LTR/material/assets/js/charts/d3/lines/lines_basic.js]
[demo.interface.club/limitless/layout_1/LTR/material/assets/demo_data/d3/lines/lines_basic.tsv]
[demo.interface.club/limitless/layout_1/LTR/material/assets/demo_data/d3/lines/lines_bivariate.tsv]
[demo.interface.club/limitless/layout_1/LTR/material/assets/js/charts/d3/lines/lines_basic_bivariate.js]
[demo.interface.club/limitless/layout_1/LTR/material/assets/js/charts/d3/lines/lines_basic_area.js]
[demo.interface.club/limitless/layout_1/LTR/material/assets/demo_data/d3/lines/lines_multi_series.tsv]
[demo.interface.club/limitless/layout_1/LTR/material/assets/js/charts/d3/lines/lines_basic_multi_series.js]
[demo.interface.club/limitless/layout_1/LTR/material/assets/demo_data/d3/lines/lines_stacked.tsv]
[demo.interface.club/limitless/layout_1/LTR/material/assets/js/charts/d3/lines/lines_basic_stacked.js]
[demo.interface.club/limitless/layout_1/LTR/material/assets/js/charts/d3/lines/lines_basic_stacked_nest.js]
[demo.interface.club/limitless/layout_1/LTR/material/assets/js/charts/d3/lines/lines_basic_gradient.js]
[demo.interface.club/limitless/layout_1/LTR/material/assets/demo_data/d3/lines/lines_gradient.tsv]
[demo.interface.club/limitless/layout_1/LTR/material/assets/js/charts/d3/lines/lines_advanced_difference.js]
[demo.interface.club/limitless/layout_1/LTR/material/assets/js/charts/d3/lines/lines_advanced_missing.js]
[demo.interface.club/limitless/layout_1/LTR/material/assets/js/charts/d3/lines/lines_advanced_small_multiples.js]
[demo.interface.club/limitless/layout_1/LTR/material/assets/demo_data/d3/lines/lines_difference.tsv]
[demo.interface.club/limitless/layout_1/LTR/material/assets/js/charts/d3/lines/lines_advanced_transitions.js]
[demo.interface.club/limitless/layout_1/LTR/material/assets/js/charts/d3/lines/lines_advanced_zoom.js]
[demo.interface.club/limitless/layout_1/LTR/material/assets/js/charts/d3/lines/lines_advanced_spline_transition.js]
[demo.interface.club/limitless/layout_1/LTR/material/assets/demo_data/d3/lines/lines_transitions.tsv]
[demo.interface.club/limitless/layout_1/LTR/material/assets/js/charts/d3/bars/bars_basic_vertical.js]
[demo.interface.club/limitless/layout_1/LTR/material/assets/js/charts/d3/bars/bars_basic_horizontal.js]
[demo.interface.club/limitless/layout_1/LTR/material/assets/demo_data/d3/bars/bars_basic.tsv]
[demo.interface.club/limitless/layout_1/LTR/material/assets/js/charts/d3/bars/bars_basic_tooltip.js]
[demo.interface.club/limitless/layout_1/LTR/material/assets/js/charts/d3/bars/bars_basic_grouped.js]
[demo.interface.club/limitless/layout_1/LTR/material/assets/js/charts/d3/bars/bars_basic_stacked.js]
[demo.interface.club/limitless/layout_1/LTR/material/assets/js/charts/d3/bars/bars_basic_stacked_normalized.js]
[demo.interface.club/limitless/layout_1/LTR/material/assets/js/charts/d3/bars/bars_advanced_simple_interaction.js]
[demo.interface.club/limitless/layout_1/LTR/material/assets/js/charts/d3/bars/bars_advanced_sortable_horizontal.js]
[demo.interface.club/limitless/layout_1/LTR/material/assets/js/charts/d3/bars/bars_advanced_sortable_vertical.js]
[demo.interface.club/limitless/layout_1/LTR/material/assets/demo_data/d3/bars/bars_tooltip.tsv]
[demo.interface.club/limitless/layout_1/LTR/material/assets/js/charts/d3/bars/bars_advanced_stacked_multiple.js]
[demo.interface.club/limitless/layout_1/LTR/material/assets/js/charts/d3/bars/bars_advanced_histogram.js]
[demo.interface.club/limitless/layout_1/LTR/material/assets/js/charts/d3/bars/bars_advanced_hierarchical.js]
[demo.interface.club/limitless/layout_1/LTR/material/assets/js/charts/d3/pies/pie_basic.js]
[demo.interface.club/limitless/layout_1/LTR/material/assets/js/charts/d3/pies/pie_entry_animation.js]
[demo.interface.club/limitless/layout_1/LTR/material/assets/js/charts/d3/pies/pie_multiple.js]
[demo.interface.club/limitless/layout_1/LTR/material/assets/js/charts/d3/pies/pie_multiple_nesting.js]
[demo.interface.club/limitless/layout_1/LTR/material/assets/demo_data/d3/bars/bars_stacked_multiple.tsv]
[demo.interface.club/limitless/layout_1/LTR/material/assets/js/charts/d3/pies/pie_update.js]
[demo.interface.club/limitless/layout_1/LTR/material/assets/js/charts/d3/pies/pie_arc_tween.js]
[demo.interface.club/limitless/layout_1/LTR/material/assets/js/charts/d3/pies/donut_basic.js]
[demo.interface.club/limitless/layout_1/LTR/material/assets/js/charts/d3/pies/donut_entry_animation.js]
[demo.interface.club/limitless/layout_1/LTR/material/assets/js/charts/d3/pies/donut_multiple.js]
[demo.interface.club/limitless/layout_1/LTR/material/assets/js/charts/d3/pies/donut_multiple_nesting.js]
[demo.interface.club/limitless/layout_1/LTR/material/assets/demo_data/d3/pies/pies_update.tsv]
[demo.interface.club/limitless/layout_1/LTR/material/assets/js/charts/d3/pies/donut_update.js]
[demo.interface.club/limitless/layout_1/LTR/material/assets/js/charts/d3/pies/donut_arc_tween.js]
[demo.interface.club/limitless/layout_1/LTR/material/assets/js/plugins/visualization/d3/venn.js]
[demo.interface.club/limitless/layout_1/LTR/material/assets/js/charts/d3/venn/venn_basic.js]
[demo.interface.club/limitless/layout_1/LTR/material/assets/js/charts/d3/venn/venn_colors.js]
[demo.interface.club/limitless/layout_1/LTR/material/assets/js/charts/d3/venn/venn_rings.js]
[demo.interface.club/limitless/layout_1/LTR/material/assets/js/charts/d3/venn/venn_weighted.js]
[demo.interface.club/limitless/layout_1/LTR/material/assets/js/charts/d3/venn/venn_interactive.js]
[demo.interface.club/limitless/layout_1/LTR/material/assets/js/charts/d3/venn/venn_tooltip.js]
[demo.interface.club/limitless/layout_1/LTR/material/assets/js/charts/d3/chords/chord_basic.js]
[demo.interface.club/limitless/layout_1/LTR/material/assets/js/charts/d3/chords/chord_chart.js]
[demo.interface.club/limitless/layout_1/LTR/material/assets/js/charts/d3/chords/chord_tweens.js]
[demo.interface.club/limitless/layout_1/LTR/material/assets/js/charts/d3/chords/chord_arcs.js]
[demo.interface.club/limitless/layout_1/LTR/material/assets/js/charts/d3/sunburst/sunburst_basic.js]
[demo.interface.club/limitless/layout_1/LTR/material/assets/js/charts/d3/sunburst/sunburst_distortion.js]
[demo.interface.club/limitless/layout_1/LTR/material/assets/js/charts/d3/sunburst/sunburst_zoom.js]
[demo.interface.club/limitless/layout_1/LTR/material/assets/js/charts/d3/sunburst/sunburst_combined.js]
[demo.interface.club/limitless/layout_1/LTR/material/assets/js/charts/d3/tree/tree_basic.js]
[demo.interface.club/limitless/layout_1/LTR/material/assets/js/charts/d3/tree/tree_collapsible.js]
[demo.interface.club/limitless/layout_1/LTR/material/assets/js/charts/d3/tree/tree_bracket.js]
[demo.interface.club/limitless/layout_1/LTR/material/assets/js/charts/d3/tree/tree_radial.js]
[demo.interface.club/limitless/layout_1/LTR/material/assets/js/charts/d3/tree/tree_dendrogram.js]
[demo.interface.club/limitless/layout_1/LTR/material/assets/js/charts/d3/tree/tree_dendrogram_radial.js]
[demo.interface.club/limitless/layout_1/LTR/material/assets/js/charts/d3/other/treemap.js]
[demo.interface.club/limitless/layout_1/LTR/material/assets/js/charts/d3/other/bubbles.js]
[demo.interface.club/limitless/layout_1/LTR/material/assets/js/charts/d3/other/streamgraph.js]
[demo.interface.club/limitless/layout_1/LTR/material/assets/js/charts/d3/other/waterfall.js]
[demo.interface.club/limitless/layout_1/LTR/material/assets/js/plugins/visualization/dimple/dimple.min.js]
[demo.interface.club/limitless/layout_1/LTR/material/assets/demo_data/d3/pies/donuts_update.tsv]
[demo.interface.club/limitless/layout_1/LTR/material/assets/js/charts/dimple/lines/line_horizontal_single.js]
[demo.interface.club/limitless/layout_1/LTR/material/assets/js/charts/dimple/lines/line_horizontal_single_grouped.js]
[demo.interface.club/limitless/layout_1/LTR/material/assets/js/charts/dimple/lines/line_horizontal_multiple.js]
[demo.interface.club/limitless/layout_1/LTR/material/assets/js/charts/dimple/lines/line_horizontal_multiple_grouped.js]
[demo.interface.club/limitless/layout_1/LTR/material/assets/js/charts/dimple/lines/line_vertical_single.js]
[demo.interface.club/limitless/layout_1/LTR/material/assets/js/charts/dimple/lines/line_vertical_single_grouped.js]
[demo.interface.club/limitless/layout_1/LTR/material/assets/js/charts/dimple/lines/line_vertical_multiple.js]
[demo.interface.club/limitless/layout_1/LTR/material/assets/js/charts/dimple/lines/line_vertical_multiple_grouped.js]
[demo.interface.club/limitless/layout_1/LTR/material/assets/js/charts/dimple/bars/bar_horizontal.js]
[demo.interface.club/limitless/layout_1/LTR/material/assets/js/charts/dimple/bars/bar_horizontal_stacked.js]
[demo.interface.club/limitless/layout_1/LTR/material/assets/js/charts/dimple/bars/bar_horizontal_stacked_normalized.js]
[demo.interface.club/limitless/layout_1/LTR/material/assets/js/charts/dimple/bars/bar_horizontal_grouped.js]
[demo.interface.club/limitless/layout_1/LTR/material/assets/js/charts/dimple/bars/bar_horizontal_stacked_grouped.js]
[demo.interface.club/limitless/layout_1/LTR/material/assets/js/charts/dimple/bars/bar_vertical.js]
[demo.interface.club/limitless/layout_1/LTR/material/assets/js/charts/dimple/bars/bar_vertical_stacked.js]
[demo.interface.club/limitless/layout_1/LTR/material/assets/js/charts/dimple/bars/bar_vertical_stacked_normalized.js]
[demo.interface.club/limitless/layout_1/LTR/material/assets/js/charts/dimple/bars/bar_vertical_grouped.js]
[demo.interface.club/limitless/layout_1/LTR/material/assets/js/charts/dimple/bars/bar_vertical_stacked_grouped.js]
[demo.interface.club/limitless/layout_1/LTR/material/assets/js/charts/dimple/area/area_horizontal.js]
[demo.interface.club/limitless/layout_1/LTR/material/assets/js/charts/dimple/area/area_horizontal_stacked.js]
[demo.interface.club/limitless/layout_1/LTR/material/assets/js/charts/dimple/area/area_horizontal_stacked_normalized.js]
[demo.interface.club/limitless/layout_1/LTR/material/assets/js/charts/dimple/area/area_horizontal_grouped.js]
[demo.interface.club/limitless/layout_1/LTR/material/assets/js/charts/dimple/area/area_horizontal_stacked_grouped.js]
[demo.interface.club/limitless/layout_1/LTR/material/assets/js/charts/dimple/area/area_vertical.js]
[demo.interface.club/limitless/layout_1/LTR/material/assets/js/charts/dimple/area/area_vertical_stacked.js]
[demo.interface.club/limitless/layout_1/LTR/material/assets/js/charts/dimple/area/area_vertical_stacked_normalized.js]
[demo.interface.club/limitless/layout_1/LTR/material/assets/js/charts/dimple/area/area_vertical_grouped.js]
[demo.interface.club/limitless/layout_1/LTR/material/assets/js/charts/dimple/area/area_vertical_stacked_grouped.js]
[demo.interface.club/limitless/layout_1/LTR/material/assets/js/charts/dimple/step/step_horizontal_single.js]
[demo.interface.club/limitless/layout_1/LTR/material/assets/js/charts/dimple/step/step_horizontal_single_grouped.js]
[demo.interface.club/limitless/layout_1/LTR/material/assets/js/charts/dimple/step/step_horizontal_multiple.js]
[demo.interface.club/limitless/layout_1/LTR/material/assets/js/charts/dimple/step/step_horizontal_multiple_grouped.js]
[demo.interface.club/limitless/layout_1/LTR/material/assets/js/charts/dimple/step/step_vertical_single.js]
[demo.interface.club/limitless/layout_1/LTR/material/assets/js/charts/dimple/step/step_vertical_single_grouped.js]
[demo.interface.club/limitless/layout_1/LTR/material/assets/js/charts/dimple/step/step_vertical_multiple.js]
[demo.interface.club/limitless/layout_1/LTR/material/assets/js/charts/dimple/step/step_vertical_multiple_grouped.js]
[demo.interface.club/limitless/layout_1/LTR/material/assets/js/charts/dimple/pies/pie_basic.js]
[demo.interface.club/limitless/layout_1/LTR/material/assets/js/charts/dimple/pies/pie_legend.js]
[demo.interface.club/limitless/layout_1/LTR/material/assets/js/charts/dimple/pies/pie_bubble.js]
[demo.interface.club/limitless/layout_1/LTR/material/assets/js/charts/dimple/pies/pie_lollipop.js]
[demo.interface.club/limitless/layout_1/LTR/material/assets/js/charts/dimple/pies/pie_scatter.js]
[demo.interface.club/limitless/layout_1/LTR/material/assets/js/charts/dimple/pies/pie_matrix.js]
[demo.interface.club/limitless/layout_1/LTR/material/assets/js/charts/dimple/rings/ring_basic.js]
[demo.interface.club/limitless/layout_1/LTR/material/assets/js/charts/dimple/rings/ring_concentric.js]
[demo.interface.club/limitless/layout_1/LTR/material/assets/js/charts/dimple/rings/ring_bubble.js]
[demo.interface.club/limitless/layout_1/LTR/material/assets/js/charts/dimple/rings/ring_lollipop.js]
[demo.interface.club/limitless/layout_1/LTR/material/assets/js/charts/dimple/rings/ring_scatter.js]
[demo.interface.club/limitless/layout_1/LTR/material/assets/js/charts/dimple/rings/ring_matrix.js]
[demo.interface.club/limitless/layout_1/LTR/material/assets/js/charts/dimple/scatter/scatter_basic.js]
[demo.interface.club/limitless/layout_1/LTR/material/assets/js/charts/dimple/scatter/scatter_horizontal_lollipop.js]
[demo.interface.club/limitless/layout_1/LTR/material/assets/js/charts/dimple/scatter/scatter_vertical_lollipop.js]
[demo.interface.club/limitless/layout_1/LTR/material/assets/js/charts/dimple/scatter/scatter_lollipop_grouped.js]
[demo.interface.club/limitless/layout_1/LTR/material/assets/js/charts/dimple/scatter/scatter_matrix.js]
[demo.interface.club/limitless/layout_1/LTR/material/assets/js/charts/dimple/bubble/bubble_basic.js]
[demo.interface.club/limitless/layout_1/LTR/material/assets/js/charts/dimple/bubble/bubble_horizontal_lollipop.js]
[demo.interface.club/limitless/layout_1/LTR/material/assets/js/charts/dimple/bubble/bubble_vertical_lollipop.js]
[demo.interface.club/limitless/layout_1/LTR/material/assets/js/charts/dimple/bubble/bubble_lollipop_grouped.js]
[demo.interface.club/limitless/layout_1/LTR/material/assets/js/charts/dimple/bubble/bubble_matrix.js]
[demo.interface.club/limitless/layout_1/LTR/material/assets/js/plugins/visualization/c3/c3.min.js]
[demo.interface.club/limitless/layout_1/LTR/material/assets/js/charts/c3/c3_lines_areas.js]
[demo.interface.club/limitless/layout_1/LTR/material/assets/js/charts/c3/c3_bars_pies.js]
[demo.interface.club/limitless/layout_1/LTR/material/assets/js/charts/c3/c3_advanced.js]
[demo.interface.club/limitless/layout_1/LTR/material/assets/js/charts/c3/c3_axis.js]
[demo.interface.club/limitless/layout_1/LTR/material/assets/js/charts/c3/c3_grid.js]
[demo.interface.club/limitless/layout_1/LTR/material/assets/js/charts/google/lines/lines.js]
[demo.interface.club/limitless/layout_1/LTR/material/assets/js/charts/google/lines/area.js]
[demo.interface.club/limitless/layout_1/LTR/material/assets/js/charts/google/lines/area_stacked.js]
[demo.interface.club/limitless/layout_1/LTR/material/assets/js/charts/google/lines/line_intervals.js]
[demo.interface.club/limitless/layout_1/LTR/material/assets/js/charts/google/lines/area_intervals.js]
[demo.interface.club/limitless/layout_1/LTR/material/assets/js/charts/google/lines/area_stepped.js]
[demo.interface.club/limitless/layout_1/LTR/material/assets/js/charts/google/bars/column.js]
[demo.interface.club/limitless/layout_1/LTR/material/assets/js/charts/google/bars/column_stacked.js]
[demo.interface.club/limitless/layout_1/LTR/material/assets/js/charts/google/bars/bar.js]
[demo.interface.club/limitless/layout_1/LTR/material/assets/js/charts/google/bars/bar_stacked.js]
[demo.interface.club/limitless/layout_1/LTR/material/assets/js/charts/google/bars/histogram.js]
[demo.interface.club/limitless/layout_1/LTR/material/assets/js/charts/google/bars/combo.js]
[demo.interface.club/limitless/layout_1/LTR/material/assets/js/charts/google/pies/pie.js]
[demo.interface.club/limitless/layout_1/LTR/material/assets/js/charts/google/pies/pie_exploded.js]
[demo.interface.club/limitless/layout_1/LTR/material/assets/js/charts/google/pies/pie_rotate.js]
[demo.interface.club/limitless/layout_1/LTR/material/assets/js/charts/google/pies/donut.js]
[demo.interface.club/limitless/layout_1/LTR/material/assets/js/charts/google/pies/donut_rotate.js]
[demo.interface.club/limitless/layout_1/LTR/material/assets/js/charts/google/pies/donut_exploded.js]
[demo.interface.club/limitless/layout_1/LTR/material/assets/js/charts/google/pies/pie_3d.js]
[demo.interface.club/limitless/layout_1/LTR/material/assets/js/charts/google/pies/3d_exploded.js]
[demo.interface.club/limitless/layout_1/LTR/material/assets/js/charts/google/pies/pie_diff_radius.js]
[demo.interface.club/limitless/layout_1/LTR/material/assets/js/charts/google/pies/pie_diff_border.js]
[demo.interface.club/limitless/layout_1/LTR/material/assets/js/charts/google/pies/pie_diff_opacity.js]
[demo.interface.club/limitless/layout_1/LTR/material/assets/js/charts/google/pies/pie_diff_invert.js]
[demo.interface.club/limitless/layout_1/LTR/material/assets/js/charts/google/bubbles/bubble.js]
[demo.interface.club/limitless/layout_1/LTR/material/assets/js/charts/google/bubbles/bubble_gradient.js]
[demo.interface.club/limitless/layout_1/LTR/material/assets/js/charts/google/scatter/scatter.js]
[demo.interface.club/limitless/layout_1/LTR/material/assets/js/charts/google/scatter/scatter_diff.js]
[demo.interface.club/limitless/layout_1/LTR/material/assets/js/charts/google/other/geo.js]
[demo.interface.club/limitless/layout_1/LTR/material/assets/js/charts/google/other/trendline.js]
[demo.interface.club/limitless/layout_1/LTR/material/assets/js/charts/google/other/diff.js]
[demo.interface.club/limitless/layout_1/LTR/material/assets/js/charts/google/other/sankey.js]
[demo.interface.club/limitless/layout_1/LTR/material/assets/js/charts/google/other/candlestick.js]
[demo.interface.club/limitless/layout_1/LTR/material/assets/js/maps/google/basic/basic.js]
[demo.interface.club/limitless/layout_1/LTR/material/assets/js/maps/google/basic/geolocation.js]
[demo.interface.club/limitless/layout_1/LTR/material/assets/js/maps/google/basic/coordinates.js]
[demo.interface.club/limitless/layout_1/LTR/material/assets/js/maps/google/basic/click_event.js]
[demo.interface.club/limitless/layout_1/LTR/material/assets/js/maps/google/controls/disable_ui.js]
[demo.interface.club/limitless/layout_1/LTR/material/assets/js/maps/google/controls/adding_controls.js]
[demo.interface.club/limitless/layout_1/LTR/material/assets/js/maps/google/controls/control_options.js]
[demo.interface.club/limitless/layout_1/LTR/material/assets/js/maps/google/controls/control_positioning.js]
[demo.interface.club/limitless/layout_1/LTR/material/assets/js/maps/google/markers/simple.js]
[demo.interface.club/limitless/layout_1/LTR/material/assets/js/maps/google/markers/animation.js]
[demo.interface.club/limitless/layout_1/LTR/material/assets/js/maps/google/markers/symbols_predefined.js]
[demo.interface.club/limitless/layout_1/LTR/material/assets/js/maps/google/markers/symbols_custom.js]
[demo.interface.club/limitless/layout_1/LTR/material/assets/js/maps/google/drawings/circles.js]
[demo.interface.club/limitless/layout_1/LTR/material/assets/js/maps/google/drawings/polylines.js]
[demo.interface.club/limitless/layout_1/LTR/material/assets/js/maps/google/drawings/polygons.js]
[demo.interface.club/limitless/layout_1/LTR/material/assets/js/maps/google/drawings/rectangles.js]
[demo.interface.club/limitless/layout_1/LTR/material/assets/js/maps/google/layers/traffic.js]
[demo.interface.club/limitless/layout_1/LTR/material/assets/js/maps/google/layers/transit.js]
[demo.interface.club/limitless/layout_1/LTR/material/assets/js/maps/google/layers/bicycling.js]
[demo.interface.club/limitless/layout_1/LTR/material/assets/js/maps/google/layers/fusion_tables.js]
[demo.interface.club/limitless/layout_1/LTR/material/assets/js/plugins/maps/jvectormap/jvectormap.min.js]
[demo.interface.club/limitless/layout_1/LTR/material/assets/js/plugins/maps/jvectormap/map_files/world.js]
[demo.interface.club/limitless/layout_1/LTR/material/assets/js/plugins/maps/jvectormap/map_files/countries/usa.js]
[demo.interface.club/limitless/layout_1/LTR/material/assets/js/plugins/maps/jvectormap/map_files/countries/germany.js]
[demo.interface.club/limitless/layout_1/LTR/material/assets/demo_data/maps/vector/gdp_demo_data.js]
[demo.interface.club/limitless/layout_1/LTR/material/assets/js/maps/vector/vector_maps_demo.js]
[demo.interface.club/limitless/layout_1/LTR/material/assets/demo_data/dimple/demo_data.tsv]
[demo.interface.club/limitless/layout_1/LTR/material/assets/js/plugins/media/cropper.min.js]
[demo.interface.club/limitless/layout_1/LTR/material/assets/js/pages/extension_image_cropper.js]
[demo.interface.club/limitless/layout_1/LTR/material/cropped.html]
[demo.interface.club/limitless/layout_1/LTR/material/assets/js/pages/extension_blockui.js]
[demo.interface.club/limitless/layout_1/LTR/material/assets/js/plugins/ui/dragula.min.js]
[demo.interface.club/limitless/layout_1/LTR/material/assets/js/pages/extension_dnd.js]
[demo.interface.club/limitless/layout_1/LTR/material/assets/js/pages/jqueryui_interactions.js]
[demo.interface.club/limitless/layout_1/LTR/material/assets/js/plugins/extensions/mousewheel.min.js]
[demo.interface.club/limitless/layout_1/LTR/material/assets/js/core/libraries/jquery_ui/globalize/globalize.js]
[demo.interface.club/limitless/layout_1/LTR/material/assets/js/core/libraries/jquery_ui/globalize/cultures/globalize.culture.de-DE.js]
[demo.interface.club/limitless/layout_1/LTR/material/assets/js/core/libraries/jquery_ui/globalize/cultures/globalize.culture.ja-JP.js]
[demo.interface.club/limitless/layout_1/LTR/material/assets/js/pages/jqueryui_forms.js]
[demo.interface.club/limitless/layout_1/LTR/material/assets/js/pages/jqueryui_components.js]
[demo.interface.club/limitless/layout_1/LTR/material/assets/js/pages/jqueryui_sliders.js]
[demo.interface.club/limitless/layout_1/LTR/material/assets/js/pages/jqueryui_navigation.js]
[demo.interface.club/limitless/layout_1/LTR/material/assets/js/plugins/uploaders/plupload/plupload.full.min.js]
[demo.interface.club/limitless/layout_1/LTR/material/assets/js/plugins/uploaders/plupload/plupload.queue.min.js]
[demo.interface.club/limitless/layout_1/LTR/material/assets/js/pages/uploader_plupload.js]
[demo.interface.club/limitless/layout_1/LTR/material/assets/js/plugins/uploaders/fileinput.min.js]
[demo.interface.club/limitless/layout_1/LTR/material/assets/js/pages/uploader_bootstrap.js]
[demo.interface.club/limitless/layout_1/LTR/material/assets/js/plugins/uploaders/dropzone.min.js]
[demo.interface.club/limitless/layout_1/LTR/material/assets/js/pages/uploader_dropzone.js]
[demo.interface.club/limitless/layout_1/LTR/material/assets/js/plugins/ui/fullcalendar/fullcalendar.min.js]
[demo.interface.club/limitless/layout_1/LTR/material/assets/js/pages/extra_fullcalendar.js]
[demo.interface.club/limitless/layout_1/LTR/material/assets/js/plugins/ui/fullcalendar/lang/all.js]
[demo.interface.club/limitless/layout_1/LTR/material/assets/js/pages/extra_fullcalendar_formats.js]
[demo.interface.club/limitless/layout_1/LTR/material/assets/js/plugins/ui/fullcalendar/lang/ar.js]
[demo.interface.club/limitless/layout_1/LTR/material/assets/js/pages/extra_fullcalendar_advanced.js]
[demo.interface.club/limitless/layout_1/LTR/material/assets/js/plugins/internationalization/i18next.min.js]
[demo.interface.club/limitless/layout_1/LTR/material/assets/js/pages/internationalization_switch_direct.js]
[demo.interface.club/limitless/layout_1/LTR/material/assets/js/pages/internationalization_switch_query.js]
[demo.interface.club/limitless/layout_1/LTR/material/internationalization_switch_query9ed2.html]
[demo.interface.club/limitless/layout_1/LTR/material/internationalization_switch_query2139.html]
[demo.interface.club/limitless/layout_1/LTR/material/internationalization_switch_query0873.html]
[demo.interface.club/limitless/layout_1/LTR/material/assets/js/pages/internationalization_on_init.js]
[demo.interface.club/limitless/layout_1/LTR/material/assets/js/pages/internationalization_fallback.js]
[demo.interface.club/limitless/layout_1/LTR/material/internationalization_fallback9ed2.html]
[demo.interface.club/limitless/layout_1/LTR/material/internationalization_fallbacka30c.html]
[demo.interface.club/limitless/layout_1/LTR/material/internationalization_fallbackc69a.html]
[demo.interface.club/limitless/layout_1/LTR/material/assets/js/pages/internationalization_callbacks.js]
[demo.interface.club/limitless/layout_1/LTR/material/assets/js/plugins/visualization/sparkline.min.js]
[demo.interface.club/limitless/layout_1/LTR/material/assets/js/pages/table_elements.js]
[demo.interface.club/limitless/layout_1/LTR/material/assets/js/plugins/tables/datatables/datatables.min.js]
[demo.interface.club/limitless/layout_1/LTR/material/assets/js/pages/datatables_basic.js]
[demo.interface.club/limitless/layout_1/LTR/material/assets/js/pages/datatables_advanced.js]
[demo.interface.club/limitless/layout_1/LTR/material/assets/js/pages/datatables_sorting.js]
[demo.interface.club/limitless/layout_1/LTR/material/assets/js/pages/datatables_api.js]
[demo.interface.club/limitless/layout_1/LTR/material/assets/js/pages/datatables_data_sources.js]
[demo.interface.club/limitless/layout_1/LTR/material/assets/js/plugins/tables/datatables/extensions/col_reorder.min.js]
[demo.interface.club/limitless/layout_1/LTR/material/assets/js/pages/datatables_extension_reorder.js]
[demo.interface.club/limitless/layout_1/LTR/material/assets/js/plugins/tables/datatables/extensions/row_reorder.min.js]
[demo.interface.club/limitless/layout_1/LTR/material/assets/js/plugins/tables/datatables/extensions/responsive.min.js]
[demo.interface.club/limitless/layout_1/LTR/material/assets/js/pages/datatables_extension_row_reorder.js]
[demo.interface.club/limitless/layout_1/LTR/material/assets/js/plugins/tables/datatables/extensions/fixed_columns.min.js]
[demo.interface.club/limitless/layout_1/LTR/material/assets/js/pages/datatables_extension_fixed_columns.js]
[demo.interface.club/limitless/layout_1/LTR/material/assets/js/plugins/tables/datatables/extensions/fixed_header.min.js]
[demo.interface.club/limitless/layout_1/LTR/material/assets/js/pages/datatables_extension_fixed_header.js]
[demo.interface.club/limitless/layout_1/LTR/material/assets/js/plugins/tables/datatables/extensions/autofill.min.js]
[demo.interface.club/limitless/layout_1/LTR/material/assets/js/plugins/tables/datatables/extensions/select.min.js]
[demo.interface.club/limitless/layout_1/LTR/material/assets/js/pages/datatables_extension_autofill.js]
[demo.interface.club/limitless/layout_1/LTR/material/assets/js/plugins/tables/datatables/extensions/key_table.min.js]
[demo.interface.club/limitless/layout_1/LTR/material/assets/js/pages/datatables_extension_key_table.js]
[demo.interface.club/limitless/layout_1/LTR/material/assets/js/plugins/tables/datatables/extensions/scroller.min.js]
[demo.interface.club/limitless/layout_1/LTR/material/assets/js/plugins/tables/datatables/extensions/buttons.min.js]
[demo.interface.club/limitless/layout_1/LTR/material/assets/js/pages/datatables_extension_scroller.js]
[demo.interface.club/limitless/layout_1/LTR/material/assets/js/pages/datatables_extension_select.js]
[demo.interface.club/limitless/layout_1/LTR/material/assets/js/pages/datatables_extension_buttons_init.js]
[demo.interface.club/limitless/layout_1/LTR/material/assets/js/pages/datatables_extension_buttons_flash.js]
[demo.interface.club/limitless/layout_1/LTR/material/assets/js/pages/datatables_extension_buttons_print.js]
[demo.interface.club/limitless/layout_1/LTR/material/assets/js/plugins/tables/datatables/extensions/jszip/jszip.min.js]
[demo.interface.club/limitless/layout_1/LTR/material/assets/js/plugins/tables/datatables/extensions/pdfmake/pdfmake.min.js]
[demo.interface.club/limitless/layout_1/LTR/material/assets/js/plugins/tables/datatables/extensions/pdfmake/vfs_fonts.min.js]
[demo.interface.club/limitless/layout_1/LTR/material/assets/js/pages/datatables_extension_buttons_html5.js]
[demo.interface.club/limitless/layout_1/LTR/material/assets/js/pages/datatables_extension_colvis.js]
[demo.interface.club/limitless/layout_1/LTR/material/assets/js/plugins/tables/handsontable/handsontable.min.js]
[demo.interface.club/limitless/layout_1/LTR/material/assets/js/pages/handsontable_basic.js]
[demo.interface.club/limitless/layout_1/LTR/material/assets/js/pages/handsontable_advanced.js]
[demo.interface.club/limitless/layout_1/LTR/material/assets/js/pages/handsontable_cols.js]
[demo.interface.club/limitless/layout_1/LTR/material/assets/js/pages/handsontable_cells.js]
[demo.interface.club/limitless/layout_1/LTR/material/assets/js/plugins/tables/handsontable/languages.js]
[demo.interface.club/limitless/layout_1/LTR/material/assets/js/pages/handsontable_types.js]
[demo.interface.club/limitless/layout_1/LTR/material/assets/js/pages/handsontable_custom_checks.js]
[demo.interface.club/limitless/layout_1/LTR/material/assets/js/pages/handsontable_ac_password.js]
[demo.interface.club/limitless/layout_1/LTR/material/assets/js/pages/handsontable_search.js]
[demo.interface.club/limitless/layout_1/LTR/material/assets/js/pages/handsontable_context.js]
[demo.interface.club/limitless/layout_1/LTR/material/assets/js/plugins/tables/footable/footable.min.js]
[demo.interface.club/limitless/layout_1/LTR/material/assets/js/pages/table_responsive.js]
[demo.interface.club/limitless/layout_1/LTR/material/assets/js/pages/datatables_responsive.js]
[demo.interface.club/limitless/layout_1/LTR/material/assets/js/pages/tasks_grid.js]
[demo.interface.club/limitless/layout_1/LTR/material/assets/js/plugins/tables/datatables/extensions/natural_sort.js]
[demo.interface.club/limitless/layout_1/LTR/material/assets/js/pages/tasks_list.js]
[demo.interface.club/limitless/layout_1/LTR/material/assets/js/pages/task_detailed.js]
[demo.interface.club/limitless/layout_1/LTR/material/assets/js/pages/invoice_template.js]
[demo.interface.club/limitless/layout_1/LTR/material/assets/js/pages/invoice_grid.js]
[demo.interface.club/limitless/layout_1/LTR/material/assets/js/pages/invoice_archive.js]
[demo.interface.club/limitless/layout_1/LTR/material/assets/js/pages/user_pages_team.js]
[demo.interface.club/limitless/layout_1/LTR/material/assets/js/pages/user_pages_list.js]
[demo.interface.club/limitless/layout_1/LTR/material/assets/js/pages/user_pages_profile.js]
[demo.interface.club/limitless/layout_1/LTR/material/assets/js/pages/login.js]
[demo.interface.club/limitless/layout_1/LTR/material/assets/js/pages/login_validation.js]
[demo.interface.club/limitless/layout_1/LTR/material/assets/js/pages/timelines.js]
[demo.interface.club/limitless/layout_1/LTR/material/assets/js/pages/support_chat_layouts.js]
[demo.interface.club/limitless/layout_1/LTR/material/assets/js/pages/gallery.js]
[demo.interface.club/limitless/layout_1/LTR/material/assets/js/pages/gallery_library.js]
[demo.interface.club/limitless/layout_1/LTR/material/index-2.html]
[demo.interface.club/limitless/layout_1/LTR/material/starters/assets/css/icons/icomoon/fonts/icomoone627.svg]
[demo.interface.club/limitless/layout_1/LTR/material/starters/assets/css/icons/glyphicons/glyphicons-halflings-regular.svg]
[demo.interface.club/limitless/layout_1/LTR/material/starters/assets/images/login_cover.html]
[demo.interface.club/limitless/layout_1/LTR/material/starters/assets/images/backgrounds/seamless.html]
[demo.interface.club/limitless/layout_1/LTR/material/starters/assets/images/backgrounds/user_bg4.html]
[demo.interface.club/limitless/layout_1/LTR/material/GET.html]
[demo.interface.club/limitless/layout_1/LTR/material/typeahead.html]
[demo.interface.club/limitless/layout_1/LTR/material/trident/index.html]
[demo.interface.club/limitless/layout_1/LTR/material/applewebkit/index.html]
[demo.interface.club/limitless/layout_1/LTR/material/adobeair/index.html]
[demo.interface.club/limitless/layout_1/LTR/material/plugins/index.html]
[demo.interface.club/limitless/layout_1/LTR/material/styles.html]
[demo.interface.club/limitless/layout_1/LTR/material/chrome/index.html]
[demo.interface.club/limitless/layout_1/LTR/material/icons_hidpi.html]
[demo.interface.club/limitless/layout_1/LTR/material/icons.html]
[demo.interface.club/limitless/layout_1/LTR/material/clipboard.html]
[demo.interface.club/limitless/layout_1/LTR/material/image/index.html]
[demo.interface.club/limitless/layout_1/LTR/material/AppleWebKit/index-2.html]
[demo.interface.club/limitless/layout_1/LTR/material/Chrome/index-2.html]
[demo.interface.club/limitless/layout_1/LTR/material/Opera/index.html]
[demo.interface.club/limitless/layout_1/LTR/material/hpwos/index.html]
[demo.interface.club/limitless/layout_1/LTR/material/_.html]
[demo.interface.club/limitless/layout_1/LTR/material/WebKit/index.html]
[demo.interface.club/limitless/layout_1/LTR/material/Ctrl-/index.html]
[demo.interface.club/limitless/layout_1/LTR/material/Command-/index.html]
[demo.interface.club/limitless/layout_1/LTR/material/Ctrl-Shift-/index.html]
[demo.interface.club/limitless/layout_1/LTR/material/Command-Shift-/index.html]
[demo.interface.club/limitless/layout_1/LTR/material/ace/worker/worker.html]
[demo.interface.club/limitless/layout_1/LTR/material/picker.html]
[demo.interface.club/limitless/layout_1/LTR/material/assets/demo_data/wizard/education.html]
[demo.interface.club/limitless/layout_1/LTR/material/spin.html]
[demo.interface.club/limitless/layout_1/LTR/material/assets/css/icons/fontawesome/fonts/fontawesome-webfont5b62.svg]
[demo.interface.club/limitless/layout_1/LTR/material/^image_.html]
[demo.interface.club/limitless/layout_1/LTR/material/get-2.html]
[demo.interface.club/limitless/layout_1/LTR/material/assets/demo_data/jquery_ui/autocomplete.html]
[demo.interface.club/limitless/layout_1/LTR/material/buttons.html]
[demo.interface.club/limitless/layout_1/LTR/material/xl/worksheets/sheet1.html]
[demo.interface.club/limitless/layout_1/LTR/material/xl/workbook.html]
[demo.interface.club/limitless/layout_1/LTR/material/xl/styles.html]
[demo.interface.club/limitless/layout_1/LTR/material/[Content_Types].html]
[demo.interface.club/limitless/layout_1/LTR/material/zlib/deflate.html]
[demo.interface.club/limitless/layout_1/LTR/material/zlib/inflate.html]
[demo.interface.club/limitless/layout_1/LTR/material/overlay/_base.html]
[demo.interface.club/limitless/layout_1/LTR/material/overlay/top.html]
[demo.interface.club/limitless/layout_1/LTR/material/overlay/left.html]
[demo.interface.club/limitless/layout_1/LTR/material/overlay/debug.html]
[demo.interface.club/limitless/layout_1/LTR/material/overlay/topLeftCorner.html]
[demo.interface.club/limitless/layout_1/LTR/material/_base.html]
